2025-06-17 06:16:14.880: [INFO] VisibilityChanged: 0
2025-06-17 06:16:14.924: [INFO] RecordSyncInitDuration has_sync_been_enabled: 0 state: 0
2025-06-17 06:16:14.925: [INFO] RecordSyncInitDuration has_sync_been_enabled: 0 state: 0
2025-06-17 06:16:14.926: [INFO] RecordSyncInitDuration has_sync_been_enabled: 0 state: 0
2025-06-17 06:16:14.927: [INFO] RecordSyncInitDuration has_sync_been_enabled: 0 state: 0
2025-06-17 06:16:14.928: [INFO] RecordSyncInitDuration has_sync_been_enabled: 0 state: 0
2025-06-17 06:16:14.929: [INFO] RecordSyncInitDuration has_sync_been_enabled: 0 state: 0
2025-06-17 06:16:14.930: [INFO] RecordSyncInitDuration has_sync_been_enabled: 0 state: 0
2025-06-17 06:16:14.931: [INFO] RecordSyncInitDuration has_sync_been_enabled: 0 state: 0
2025-06-17 06:16:14.932: [INFO] RecordSyncInitDuration has_sync_been_enabled: 0 state: 0
2025-06-17 06:16:14.933: [INFO] RecordSyncInitDuration has_sync_been_enabled: 0 state: 0
2025-06-17 06:16:14.934: [INFO] RecordSyncInitDuration has_sync_been_enabled: 0 state: 0
2025-06-17 06:16:14.944: [INFO] BookmarkNodeAdded, ABU: 0
2025-06-17 06:16:14.944: [INFO] BookmarkNodeAdded, ABU: 0
2025-06-17 06:16:14.945: [INFO] BookmarkNodeAdded, ABU: 0
2025-06-17 06:16:14.945: [INFO] BookmarkModelLoaded, ids_reassigned: 0
2025-06-17 06:16:14.945: [INFO] OnDoneLoading sync enabled: 0
2025-06-17 06:16:14.948: [INFO] RecordSyncInitDuration has_sync_been_enabled: 0 state: 0
2025-06-17 06:16:15.140: [INFO] RecordSyncInitDuration has_sync_been_enabled: 0 state: 3
2025-06-17 06:16:15.142: [INFO] Primary account changed.
2025-06-17 06:16:15.142: [INFO] OnPrimaryAccountChanged PrimaryAccountChangeEvent::Type::kSet
2025-06-17 06:16:15.145: [INFO] RecordSyncInitDuration has_sync_been_enabled: 0 state: 3
2025-06-17 06:16:15.372: [INFO] RecordSyncInitDuration has_sync_been_enabled: 0 state: 3
2025-06-17 06:16:21.270: [INFO] VisibilityChanged: 1
2025-06-17 06:16:21.844: [INFO] BookmarkNodeAdded, ABU: 0
2025-06-17 06:16:21.844: [INFO] BookmarkNodeAdded, ABU: 0
2025-06-17 06:16:21.844: [INFO] BookmarkNodeAdded, ABU: 0
2025-06-17 06:16:21.844: [INFO] BookmarkNodeAdded, ABU: 0
2025-06-17 06:16:21.844: [INFO] BookmarkNodeAdded, ABU: 0
2025-06-17 06:16:21.844: [INFO] BookmarkNodeAdded, ABU: 0
2025-06-17 06:16:21.844: [INFO] BookmarkNodeAdded, ABU: 0
2025-06-17 06:16:21.844: [INFO] BookmarkNodeAdded, ABU: 0
2025-06-17 06:16:21.844: [INFO] BookmarkNodeAdded, ABU: 0
2025-06-17 06:16:21.845: [INFO] BookmarkNodeAdded, ABU: 0
2025-06-17 06:16:21.845: [INFO] BookmarkNodeAdded, ABU: 0
2025-06-17 06:16:21.845: [INFO] BookmarkNodeAdded, ABU: 0
2025-06-17 06:16:21.845: [INFO] BookmarkNodeAdded, ABU: 0
2025-06-17 06:16:21.845: [INFO] BookmarkNodeAdded, ABU: 0
2025-06-17 06:16:21.845: [INFO] BookmarkNodeAdded, ABU: 0
2025-06-17 06:16:21.846: [INFO] BookmarkNodeAdded, ABU: 0
2025-06-17 06:16:21.848: [INFO] BookmarkNodeAdded, ABU: 0
2025-06-17 06:16:21.849: [INFO] BookmarkNodeAdded, ABU: 0
2025-06-17 06:16:21.850: [INFO] BookmarkNodeAdded, ABU: 0
2025-06-17 06:16:21.852: [INFO] BookmarkNodeAdded, ABU: 0
2025-06-17 06:16:21.853: [INFO] BookmarkNodeAdded, ABU: 0
2025-06-17 06:16:21.855: [INFO] BookmarkNodeAdded, ABU: 0
2025-06-17 06:16:21.856: [INFO] BookmarkNodeAdded, ABU: 0
2025-06-17 06:16:21.857: [INFO] BookmarkNodeAdded, ABU: 0
2025-06-17 06:16:21.858: [INFO] BookmarkNodeAdded, ABU: 0
2025-06-17 06:16:21.858: [INFO] BookmarkNodeAdded, ABU: 0
2025-06-17 06:16:21.864: [INFO] BookmarkNodeAdded, ABU: 0
2025-06-17 06:16:21.865: [INFO] BookmarkNodeAdded, ABU: 0
2025-06-17 06:16:21.866: [INFO] BookmarkNodeAdded, ABU: 0
2025-06-17 06:16:21.872: [INFO] BookmarkNodeAdded, ABU: 0
2025-06-17 06:16:21.873: [INFO] BookmarkNodeAdded, ABU: 0
2025-06-17 06:16:21.874: [INFO] BookmarkNodeAdded, ABU: 0
2025-06-17 06:16:21.875: [INFO] BookmarkNodeAdded, ABU: 0
2025-06-17 06:16:21.877: [INFO] BookmarkNodeAdded, ABU: 0
2025-06-17 06:16:21.878: [INFO] BookmarkNodeAdded, ABU: 0
2025-06-17 06:16:21.879: [INFO] BookmarkNodeAdded, ABU: 0
2025-06-17 06:16:21.881: [INFO] BookmarkNodeAdded, ABU: 0
2025-06-17 06:16:21.882: [INFO] BookmarkNodeAdded, ABU: 0
2025-06-17 06:16:21.884: [INFO] BookmarkNodeAdded, ABU: 0
2025-06-17 06:16:21.885: [INFO] BookmarkNodeAdded, ABU: 0
2025-06-17 06:16:21.886: [INFO] BookmarkNodeAdded, ABU: 0
2025-06-17 06:16:21.887: [INFO] BookmarkNodeAdded, ABU: 0
2025-06-17 06:16:21.889: [INFO] BookmarkNodeAdded, ABU: 0
2025-06-17 06:16:21.891: [INFO] BookmarkNodeAdded, ABU: 0
2025-06-17 06:16:21.892: [INFO] BookmarkNodeAdded, ABU: 0
2025-06-17 06:16:21.893: [INFO] BookmarkNodeAdded, ABU: 0
2025-06-17 06:16:21.894: [INFO] BookmarkNodeAdded, ABU: 0
2025-06-17 06:16:21.897: [INFO] BookmarkNodeAdded, ABU: 0
2025-06-17 06:16:21.898: [INFO] BookmarkNodeAdded, ABU: 0
2025-06-17 06:16:21.899: [INFO] BookmarkNodeAdded, ABU: 0
2025-06-17 06:16:21.901: [INFO] BookmarkNodeAdded, ABU: 0
2025-06-17 06:16:21.902: [INFO] BookmarkNodeAdded, ABU: 0
2025-06-17 06:16:21.903: [INFO] BookmarkNodeAdded, ABU: 0
2025-06-17 06:16:21.904: [INFO] BookmarkNodeAdded, ABU: 0
2025-06-17 06:16:21.906: [INFO] BookmarkNodeAdded, ABU: 0
2025-06-17 06:16:24.908: [INFO] Sync initialization duration: 9459ms
2025-06-17 06:16:25.138: [INFO] BookmarkNodeAdded, ABU: 0
2025-06-17 06:16:25.138: [INFO] BookmarkNodeAdded, ABU: 0
2025-06-17 06:16:25.138: [INFO] BookmarkNodeAdded, ABU: 0
2025-06-17 06:16:25.138: [INFO] BookmarkNodeAdded, ABU: 0
2025-06-17 06:25:54.287: [INFO] VisibilityChanged: 0
2025-06-17 06:26:16.293: [INFO] OnDoneLoading sync enabled: 1
2025-06-17 06:26:19.285: [INFO] Sync initialization duration: 2798ms
2025-06-17 06:58:25.688: [INFO] VisibilityChanged: 0
2025-06-17 07:04:11.046: [INFO] OnDoneLoading sync enabled: 1
2025-06-17 07:04:13.813: [INFO] Sync initialization duration: 2479ms
2025-06-17 07:12:37.044: [INFO] VisibilityChanged: 0
2025-06-17 07:13:04.703: [INFO] OnDoneLoading sync enabled: 1
2025-06-17 07:13:07.416: [INFO] Sync initialization duration: 2476ms
2025-06-17 08:17:52.539: [INFO] VisibilityChanged: 0
