{"logTime": "0618/043539", "correlationVector":"7OX9oHcrGk8kcSXGh7LQ6M.2","action":"ProcessGetUpdates", "result":"Done", "context":{"dataType":"Preferences", "deleted":"0", "process_failed_to_decrypt":"0", "process_pending_decryption":"0", "process_success":"1", "total":"1"}}
{"logTime": "0618/043539", "correlationVector":"7OX9oHcrGk8kcSXGh7LQ6M.3","action":"ProcessGetUpdates", "result":"Done", "context":{"dataType":"Passwords", "deleted":"0", "process_failed_to_decrypt":"0", "process_pending_decryption":"0", "process_success":"118", "total":"118"}}
{"logTime": "0618/043539", "correlationVector":"7OX9oHcrGk8kcSXGh7LQ6M.4","action":"ProcessGetUpdates", "result":"Done", "context":{"dataType":"Sessions", "deleted":"0", "process_failed_to_decrypt":"0", "process_pending_decryption":"0", "process_success":"3", "total":"3"}}
{"logTime": "0618/043539", "correlationVector":"7OX9oHcrGk8kcSXGh7LQ6M.5","action":"ProcessGetUpdates", "result":"Done", "context":{"dataType":"History", "deleted":"0", "process_failed_to_decrypt":"0", "process_pending_decryption":"0", "process_success":"4", "total":"4"}}
{"logTime": "0618/043539", "correlationVector":"7OX9oHcrGk8kcSXGh7LQ6M.6","action":"GetUpdates Response", "result":"Success", "context":Received 126 update(s). cV=7OX9oHcrGk8kcSXGh7LQ6M.0;server=akswtt00800001a;cloudType=Consumer;environment=Prod_southeastasia_prod-s01-065-apac-southeastasia;migrationStage=NotStarted}
{"logTime": "0618/043540", "correlationVector":"z3NKXrdVTC2nH4cC/UYIUu","action":"Normal GetUpdate request", "result":"", "context":cV=z3NKXrdVTC2nH4cC/UYIUu
Notified types: Device Info}
{"logTime": "0618/043540", "correlationVector":"z3NKXrdVTC2nH4cC/UYIUu.1","action":"SyncServerConnectionManagerRequest", "result":"SYNC_SERVER_OK", "context":{"environment":"Prod_southeastasia_prod-s01-065-apac-southeastasia", "migrationStage":"NotStarted", "server":"akswtt00800000b"}}
{"logTime": "0618/043540", "correlationVector":"z3NKXrdVTC2nH4cC/UYIUu.2","action":"ProcessGetUpdates", "result":"Done", "context":{"dataType":"Device Info", "deleted":"0", "process_failed_to_decrypt":"0", "process_pending_decryption":"0", "process_success":"1", "total":"1"}}
{"logTime": "0618/043540", "correlationVector":"z3NKXrdVTC2nH4cC/UYIUu.3","action":"GetUpdates Response", "result":"Success", "context":Received 1 update(s). cV=z3NKXrdVTC2nH4cC/UYIUu.0;server=akswtt00800000b;cloudType=Consumer;environment=Prod_southeastasia_prod-s01-065-apac-southeastasia;migrationStage=NotStarted}
{"logTime": "0618/043541", "correlationVector":"W6FX0+cyGajaqK6ksw8+yw","action":"Normal GetUpdate request", "result":"", "context":cV=W6FX0+cyGajaqK6ksw8+yw
Notified types: Preferences}
{"logTime": "0618/043541", "correlationVector":"W6FX0+cyGajaqK6ksw8+yw.1","action":"SyncServerConnectionManagerRequest", "result":"SYNC_SERVER_OK", "context":{"environment":"Prod_southeastasia_prod-s01-065-apac-southeastasia", "migrationStage":"NotStarted", "server":"akswtt00800002u"}}
{"logTime": "0618/043541", "correlationVector":"W6FX0+cyGajaqK6ksw8+yw.2","action":"ProcessGetUpdates", "result":"Done", "context":{"dataType":"Preferences", "deleted":"0", "process_failed_to_decrypt":"0", "process_pending_decryption":"0", "process_success":"1", "total":"1"}}
{"logTime": "0618/043541", "correlationVector":"W6FX0+cyGajaqK6ksw8+yw.3","action":"GetUpdates Response", "result":"Success", "context":Received 1 update(s). cV=W6FX0+cyGajaqK6ksw8+yw.0;server=akswtt00800002u;cloudType=Consumer;environment=Prod_southeastasia_prod-s01-065-apac-southeastasia;migrationStage=NotStarted}
{"logTime": "0618/043544", "correlationVector":"No4F7tOpxI5ovh6Iwaj93K","action":"Normal GetUpdate request", "result":"", "context":cV=No4F7tOpxI5ovh6Iwaj93K
Notified types: History}
{"logTime": "0618/043544", "correlationVector":"No4F7tOpxI5ovh6Iwaj93K.1","action":"SyncServerConnectionManagerRequest", "result":"SYNC_SERVER_OK", "context":{"environment":"Prod_southeastasia_prod-s01-065-apac-southeastasia", "migrationStage":"NotStarted", "server":"akswtt008000013"}}
{"logTime": "0618/043544", "correlationVector":"No4F7tOpxI5ovh6Iwaj93K.2","action":"ProcessGetUpdates", "result":"Done", "context":{"dataType":"Sessions", "deleted":"0", "process_failed_to_decrypt":"0", "process_pending_decryption":"0", "process_success":"3", "total":"3"}}
{"logTime": "0618/043544", "correlationVector":"No4F7tOpxI5ovh6Iwaj93K.3","action":"ProcessGetUpdates", "result":"Done", "context":{"dataType":"History", "deleted":"0", "process_failed_to_decrypt":"0", "process_pending_decryption":"0", "process_success":"4", "total":"4"}}
{"logTime": "0618/043544", "correlationVector":"No4F7tOpxI5ovh6Iwaj93K.4","action":"GetUpdates Response", "result":"Success", "context":Received 7 update(s). cV=No4F7tOpxI5ovh6Iwaj93K.0;server=akswtt008000013;cloudType=Consumer;environment=Prod_southeastasia_prod-s01-065-apac-southeastasia;migrationStage=NotStarted}
{"logTime": "0618/043617", "correlationVector":"0TI2FnPuQ6wQQrqmQzupGt","action":"Normal GetUpdate request", "result":"", "context":cV=0TI2FnPuQ6wQQrqmQzupGt
Notified types: Preferences, Device Info, History}
{"logTime": "0618/043618", "correlationVector":"0TI2FnPuQ6wQQrqmQzupGt.1","action":"SyncServerConnectionManagerRequest", "result":"SYNC_SERVER_OK", "context":{"environment":"Prod_southeastasia_prod-s01-065-apac-southeastasia", "migrationStage":"NotStarted", "server":"akswtt00800004y"}}
{"logTime": "0618/043618", "correlationVector":"0TI2FnPuQ6wQQrqmQzupGt.2","action":"ProcessGetUpdates", "result":"Done", "context":{"dataType":"Preferences", "deleted":"0", "process_failed_to_decrypt":"0", "process_pending_decryption":"0", "process_success":"2", "total":"2"}}
{"logTime": "0618/043618", "correlationVector":"0TI2FnPuQ6wQQrqmQzupGt.3","action":"ProcessGetUpdates", "result":"Done", "context":{"dataType":"Sessions", "deleted":"1", "process_failed_to_decrypt":"0", "process_pending_decryption":"0", "process_success":"3", "total":"3"}}
{"logTime": "0618/043618", "correlationVector":"0TI2FnPuQ6wQQrqmQzupGt.4","action":"ProcessGetUpdates", "result":"Done", "context":{"dataType":"Device Info", "deleted":"0", "process_failed_to_decrypt":"0", "process_pending_decryption":"0", "process_success":"1", "total":"1"}}
{"logTime": "0618/043618", "correlationVector":"0TI2FnPuQ6wQQrqmQzupGt.5","action":"ProcessGetUpdates", "result":"Done", "context":{"dataType":"History", "deleted":"0", "process_failed_to_decrypt":"0", "process_pending_decryption":"0", "process_success":"3", "total":"3"}}
{"logTime": "0618/043618", "correlationVector":"0TI2FnPuQ6wQQrqmQzupGt.6","action":"GetUpdates Response", "result":"Success", "context":Received 9 update(s). cV=0TI2FnPuQ6wQQrqmQzupGt.0;server=akswtt00800004y;cloudType=Consumer;environment=Prod_southeastasia_prod-s01-065-apac-southeastasia;migrationStage=NotStarted}
{"logTime": "0618/043643", "correlationVector":"Ct3TgXNln4gG7pBH7319EA","action":"Commit Request", "result":"", "context":Item count: 2
Contributing types: Preferences}
{"logTime": "0618/043644", "correlationVector":"Ct3TgXNln4gG7pBH7319EA.1","action":"SyncServerConnectionManagerRequest", "result":"SYNC_SERVER_OK", "context":{"environment":"Prod_southeastasia_prod-s01-065-apac-southeastasia", "migrationStage":"NotStarted", "server":"akswtt00800001s"}}
{"logTime": "0618/043644", "correlationVector":"Ct3TgXNln4gG7pBH7319EA.2","action":"Commit Response", "result":"Success", "context":Result: Success. cV=Ct3TgXNln4gG7pBH7319EA.0;server=akswtt00800001s;cloudType=Consumer;environment=Prod_southeastasia_prod-s01-065-apac-southeastasia;migrationStage=NotStarted}
{"logTime": "0618/043847", "correlationVector":"+5NRK/9/moifeEG6KLRCkc","action":"Commit Request", "result":"", "context":Item count: 3
Contributing types: Sessions, History}
{"logTime": "0618/043847", "correlationVector":"+5NRK/9/moifeEG6KLRCkc.1","action":"SyncServerConnectionManagerRequest", "result":"SYNC_SERVER_OK", "context":{"environment":"Prod_southeastasia_prod-s01-065-apac-southeastasia", "migrationStage":"NotStarted", "server":"akswtt00800001t"}}
{"logTime": "0618/043847", "correlationVector":"+5NRK/9/moifeEG6KLRCkc.2","action":"Commit Response", "result":"Success", "context":Result: Success. cV=+5NRK/9/moifeEG6KLRCkc.0;server=akswtt00800001t;cloudType=Consumer;environment=Prod_southeastasia_prod-s01-065-apac-southeastasia;migrationStage=NotStarted}
{"logTime": "0618/043954", "correlationVector":"auI6zWx7YNS50aldBwEVn4","action":"Commit Request", "result":"", "context":Item count: 1
Contributing types: Sessions}
{"logTime": "0618/043954", "correlationVector":"auI6zWx7YNS50aldBwEVn4.1","action":"SyncServerConnectionManagerRequest", "result":"SYNC_SERVER_OK", "context":{"environment":"Prod_southeastasia_prod-s01-064-apac-southeastasia", "migrationStage":"NotStarted", "server":"akswtt00800002l"}}
{"logTime": "0618/043954", "correlationVector":"auI6zWx7YNS50aldBwEVn4.2","action":"Commit Response", "result":"Success", "context":Result: Success. cV=auI6zWx7YNS50aldBwEVn4.0;server=akswtt00800002l;cloudType=Consumer;environment=Prod_southeastasia_prod-s01-064-apac-southeastasia;migrationStage=NotStarted}
{"logTime": "0618/044105", "correlationVector":"W57cHDrTGIn18F/qc5RZ7I","action":"Normal GetUpdate request", "result":"", "context":cV=W57cHDrTGIn18F/qc5RZ7I
Notified types: History}
{"logTime": "0618/044105", "correlationVector":"W57cHDrTGIn18F/qc5RZ7I.1","action":"SyncServerConnectionManagerRequest", "result":"SYNC_SERVER_OK", "context":{"environment":"Prod_southeastasia_prod-s01-065-apac-southeastasia", "migrationStage":"NotStarted", "server":"akswtt00800000t"}}
{"logTime": "0618/044105", "correlationVector":"W57cHDrTGIn18F/qc5RZ7I.2","action":"ProcessGetUpdates", "result":"Done", "context":{"dataType":"Preferences", "deleted":"0", "process_failed_to_decrypt":"0", "process_pending_decryption":"0", "process_success":"2", "total":"2"}}
{"logTime": "0618/044105", "correlationVector":"W57cHDrTGIn18F/qc5RZ7I.3","action":"ProcessGetUpdates", "result":"Done", "context":{"dataType":"Sessions", "deleted":"0", "process_failed_to_decrypt":"0", "process_pending_decryption":"0", "process_success":"6", "total":"6"}}
{"logTime": "0618/044105", "correlationVector":"W57cHDrTGIn18F/qc5RZ7I.4","action":"ProcessGetUpdates", "result":"Done", "context":{"dataType":"History", "deleted":"0", "process_failed_to_decrypt":"0", "process_pending_decryption":"0", "process_success":"11", "total":"11"}}
{"logTime": "0618/044105", "correlationVector":"W57cHDrTGIn18F/qc5RZ7I.5","action":"GetUpdates Response", "result":"Success", "context":Received 19 update(s). cV=W57cHDrTGIn18F/qc5RZ7I.0;server=akswtt00800000t;cloudType=Consumer;environment=Prod_southeastasia_prod-s01-065-apac-southeastasia;migrationStage=NotStarted}
{"logTime": "0618/044206", "correlationVector":"DNDqzRXW9LtpNzFfubLxPZ","action":"Normal GetUpdate request", "result":"", "context":cV=DNDqzRXW9LtpNzFfubLxPZ
Notified types: History}
{"logTime": "0618/044206", "correlationVector":"DNDqzRXW9LtpNzFfubLxPZ.1","action":"SyncServerConnectionManagerRequest", "result":"SYNC_SERVER_OK", "context":{"environment":"Prod_southeastasia_prod-s01-065-apac-southeastasia", "migrationStage":"NotStarted", "server":"akswtt00800002x"}}
{"logTime": "0618/044206", "correlationVector":"DNDqzRXW9LtpNzFfubLxPZ.2","action":"ProcessGetUpdates", "result":"Done", "context":{"dataType":"Sessions", "deleted":"1", "process_failed_to_decrypt":"0", "process_pending_decryption":"0", "process_success":"2", "total":"2"}}
{"logTime": "0618/044206", "correlationVector":"DNDqzRXW9LtpNzFfubLxPZ.3","action":"ProcessGetUpdates", "result":"Done", "context":{"dataType":"History", "deleted":"0", "process_failed_to_decrypt":"0", "process_pending_decryption":"0", "process_success":"5", "total":"5"}}
{"logTime": "0618/044206", "correlationVector":"DNDqzRXW9LtpNzFfubLxPZ.4","action":"GetUpdates Response", "result":"Success", "context":Received 7 update(s). cV=DNDqzRXW9LtpNzFfubLxPZ.0;server=akswtt00800002x;cloudType=Consumer;environment=Prod_southeastasia_prod-s01-065-apac-southeastasia;migrationStage=NotStarted}
{"logTime": "0618/044837", "correlationVector":"eIkwW32hHRhKplmg4km0tV","action":"Commit Request", "result":"", "context":Item count: 4
Contributing types: Sessions, History}
{"logTime": "0618/044838", "correlationVector":"eIkwW32hHRhKplmg4km0tV.1","action":"SyncServerConnectionManagerRequest", "result":"SYNC_SERVER_OK", "context":{"environment":"Prod_southeastasia_prod-s01-065-apac-southeastasia", "migrationStage":"NotStarted", "server":"akswtt008000026"}}
{"logTime": "0618/044838", "correlationVector":"eIkwW32hHRhKplmg4km0tV.2","action":"Commit Response", "result":"Success", "context":Result: Success. cV=eIkwW32hHRhKplmg4km0tV.0;server=akswtt008000026;cloudType=Consumer;environment=Prod_southeastasia_prod-s01-065-apac-southeastasia;migrationStage=NotStarted}
{"logTime": "0618/044941", "correlationVector":"hHr0R3P/TpOLOXFHKd2A64","action":"Normal GetUpdate request", "result":"", "context":cV=hHr0R3P/TpOLOXFHKd2A64
Nudged types: Sessions
Notified types: History}
{"logTime": "0618/044942", "correlationVector":"hHr0R3P/TpOLOXFHKd2A64.1","action":"SyncServerConnectionManagerRequest", "result":"SYNC_SERVER_OK", "context":{"environment":"Prod_southeastasia_prod-s01-065-apac-southeastasia", "migrationStage":"NotStarted", "server":"akswtt00800003m"}}
{"logTime": "0618/044942", "correlationVector":"hHr0R3P/TpOLOXFHKd2A64.2","action":"ProcessGetUpdates", "result":"Done", "context":{"dataType":"Sessions", "deleted":"0", "process_failed_to_decrypt":"0", "process_pending_decryption":"0", "process_success":"2", "total":"2"}}
{"logTime": "0618/044942", "correlationVector":"hHr0R3P/TpOLOXFHKd2A64.3","action":"ProcessGetUpdates", "result":"Done", "context":{"dataType":"History", "deleted":"0", "process_failed_to_decrypt":"0", "process_pending_decryption":"0", "process_success":"11", "total":"11"}}
{"logTime": "0618/044942", "correlationVector":"hHr0R3P/TpOLOXFHKd2A64.4","action":"GetUpdates Response", "result":"Success", "context":Received 13 update(s). cV=hHr0R3P/TpOLOXFHKd2A64.0;server=akswtt00800003m;cloudType=Consumer;environment=Prod_southeastasia_prod-s01-065-apac-southeastasia;migrationStage=NotStarted}
{"logTime": "0618/044942", "correlationVector":"rlmvULP0BqKag+xGE9yr7/","action":"Commit Request", "result":"", "context":Item count: 1
Contributing types: Sessions}
{"logTime": "0618/044942", "correlationVector":"rlmvULP0BqKag+xGE9yr7/.1","action":"SyncServerConnectionManagerRequest", "result":"SYNC_SERVER_OK", "context":{"environment":"Prod_southeastasia_prod-s01-065-apac-southeastasia", "migrationStage":"NotStarted", "server":"akswtt00800002i"}}
{"logTime": "0618/044942", "correlationVector":"rlmvULP0BqKag+xGE9yr7/.2","action":"Commit Response", "result":"Success", "context":Result: Success. cV=rlmvULP0BqKag+xGE9yr7/.0;server=akswtt00800002i;cloudType=Consumer;environment=Prod_southeastasia_prod-s01-065-apac-southeastasia;migrationStage=NotStarted}
{"logTime": "0618/045048", "correlationVector":"fk6aaC8kauL2dKeBL2gf5D","action":"Normal GetUpdate request", "result":"", "context":cV=fk6aaC8kauL2dKeBL2gf5D
Notified types: History}
{"logTime": "0618/045048", "correlationVector":"fk6aaC8kauL2dKeBL2gf5D.1","action":"SyncServerConnectionManagerRequest", "result":"SYNC_SERVER_OK", "context":{"environment":"Prod_southeastasia_prod-s01-065-apac-southeastasia", "migrationStage":"NotStarted", "server":"akswtt00800000a"}}
{"logTime": "0618/045048", "correlationVector":"fk6aaC8kauL2dKeBL2gf5D.2","action":"ProcessGetUpdates", "result":"Done", "context":{"dataType":"Sessions", "deleted":"0", "process_failed_to_decrypt":"0", "process_pending_decryption":"0", "process_success":"2", "total":"2"}}
{"logTime": "0618/045048", "correlationVector":"fk6aaC8kauL2dKeBL2gf5D.3","action":"ProcessGetUpdates", "result":"Done", "context":{"dataType":"History", "deleted":"0", "process_failed_to_decrypt":"0", "process_pending_decryption":"0", "process_success":"4", "total":"4"}}
{"logTime": "0618/045048", "correlationVector":"fk6aaC8kauL2dKeBL2gf5D.4","action":"GetUpdates Response", "result":"Success", "context":Received 6 update(s). cV=fk6aaC8kauL2dKeBL2gf5D.0;server=akswtt00800000a;cloudType=Consumer;environment=Prod_southeastasia_prod-s01-065-apac-southeastasia;migrationStage=NotStarted}
{"logTime": "0618/045208", "correlationVector":"Bl1o2ZrAqsdaTEv8af4uCJ","action":"Normal GetUpdate request", "result":"", "context":cV=Bl1o2ZrAqsdaTEv8af4uCJ
Notified types: History}
{"logTime": "0618/045209", "correlationVector":"Bl1o2ZrAqsdaTEv8af4uCJ.1","action":"SyncServerConnectionManagerRequest", "result":"SYNC_SERVER_OK", "context":{"environment":"Prod_southeastasia_prod-s01-064-apac-southeastasia", "migrationStage":"NotStarted", "server":"akswtt008000022"}}
{"logTime": "0618/045209", "correlationVector":"Bl1o2ZrAqsdaTEv8af4uCJ.2","action":"ProcessGetUpdates", "result":"Done", "context":{"dataType":"Sessions", "deleted":"0", "process_failed_to_decrypt":"0", "process_pending_decryption":"0", "process_success":"1", "total":"1"}}
{"logTime": "0618/045209", "correlationVector":"Bl1o2ZrAqsdaTEv8af4uCJ.3","action":"ProcessGetUpdates", "result":"Done", "context":{"dataType":"History", "deleted":"0", "process_failed_to_decrypt":"0", "process_pending_decryption":"0", "process_success":"4", "total":"4"}}
{"logTime": "0618/045209", "correlationVector":"Bl1o2ZrAqsdaTEv8af4uCJ.4","action":"GetUpdates Response", "result":"Success", "context":Received 5 update(s). cV=Bl1o2ZrAqsdaTEv8af4uCJ.0;server=akswtt008000022;cloudType=Consumer;environment=Prod_southeastasia_prod-s01-064-apac-southeastasia;migrationStage=NotStarted}
{"logTime": "0618/045312", "correlationVector":"B1d+eofAoRmL0V0DIqBue7","action":"Normal GetUpdate request", "result":"", "context":cV=B1d+eofAoRmL0V0DIqBue7
Notified types: History}
{"logTime": "0618/045312", "correlationVector":"B1d+eofAoRmL0V0DIqBue7.1","action":"SyncServerConnectionManagerRequest", "result":"SYNC_SERVER_OK", "context":{"environment":"Prod_southeastasia_prod-s01-064-apac-southeastasia", "migrationStage":"NotStarted", "server":"akswtt008000055"}}
{"logTime": "0618/045312", "correlationVector":"B1d+eofAoRmL0V0DIqBue7.2","action":"ProcessGetUpdates", "result":"Done", "context":{"dataType":"Sessions", "deleted":"0", "process_failed_to_decrypt":"0", "process_pending_decryption":"0", "process_success":"1", "total":"1"}}
{"logTime": "0618/045312", "correlationVector":"B1d+eofAoRmL0V0DIqBue7.3","action":"ProcessGetUpdates", "result":"Done", "context":{"dataType":"History", "deleted":"0", "process_failed_to_decrypt":"0", "process_pending_decryption":"0", "process_success":"4", "total":"4"}}
{"logTime": "0618/045312", "correlationVector":"B1d+eofAoRmL0V0DIqBue7.4","action":"GetUpdates Response", "result":"Success", "context":Received 5 update(s). cV=B1d+eofAoRmL0V0DIqBue7.0;server=akswtt008000055;cloudType=Consumer;environment=Prod_southeastasia_prod-s01-064-apac-southeastasia;migrationStage=NotStarted}
{"logTime": "0618/045417", "correlationVector":"bJLyqNuirZRVSjULpVC2JE","action":"Commit Request", "result":"", "context":Item count: 1
Contributing types: Sessions}
{"logTime": "0618/045417", "correlationVector":"bJLyqNuirZRVSjULpVC2JE.1","action":"SyncServerConnectionManagerRequest", "result":"SYNC_SERVER_OK", "context":{"environment":"Prod_southeastasia_prod-s01-064-apac-southeastasia", "migrationStage":"NotStarted", "server":"akswtt00800001n"}}
{"logTime": "0618/045417", "correlationVector":"bJLyqNuirZRVSjULpVC2JE.2","action":"Commit Response", "result":"Success", "context":Result: Success. cV=bJLyqNuirZRVSjULpVC2JE.0;server=akswtt00800001n;cloudType=Consumer;environment=Prod_southeastasia_prod-s01-064-apac-southeastasia;migrationStage=NotStarted}
{"logTime": "0618/045428", "correlationVector":"u9Wjll9nkuvDbYVeeygEaE","action":"Normal GetUpdate request", "result":"", "context":cV=u9Wjll9nkuvDbYVeeygEaE
Notified types: History}
{"logTime": "0618/045428", "correlationVector":"u9Wjll9nkuvDbYVeeygEaE.1","action":"SyncServerConnectionManagerRequest", "result":"SYNC_SERVER_OK", "context":{"environment":"Prod_southeastasia_prod-s01-064-apac-southeastasia", "migrationStage":"NotStarted", "server":"akswtt00800002c"}}
{"logTime": "0618/045428", "correlationVector":"u9Wjll9nkuvDbYVeeygEaE.2","action":"ProcessGetUpdates", "result":"Done", "context":{"dataType":"Sessions", "deleted":"0", "process_failed_to_decrypt":"0", "process_pending_decryption":"0", "process_success":"2", "total":"2"}}
{"logTime": "0618/045428", "correlationVector":"u9Wjll9nkuvDbYVeeygEaE.3","action":"ProcessGetUpdates", "result":"Done", "context":{"dataType":"History", "deleted":"0", "process_failed_to_decrypt":"0", "process_pending_decryption":"0", "process_success":"2", "total":"2"}}
{"logTime": "0618/045428", "correlationVector":"u9Wjll9nkuvDbYVeeygEaE.4","action":"GetUpdates Response", "result":"Success", "context":Received 4 update(s). cV=u9Wjll9nkuvDbYVeeygEaE.0;server=akswtt00800002c;cloudType=Consumer;environment=Prod_southeastasia_prod-s01-064-apac-southeastasia;migrationStage=NotStarted}
{"logTime": "0618/045537", "correlationVector":"SnZrFnSZ1xCFj2C3H4o8fq","action":"Commit Request", "result":"", "context":Item count: 1
Contributing types: Sessions}
{"logTime": "0618/045537", "correlationVector":"SnZrFnSZ1xCFj2C3H4o8fq.1","action":"SyncServerConnectionManagerRequest", "result":"SYNC_SERVER_OK", "context":{"environment":"Prod_southeastasia_prod-s01-064-apac-southeastasia", "migrationStage":"NotStarted", "server":"akswtt008000022"}}
{"logTime": "0618/045537", "correlationVector":"SnZrFnSZ1xCFj2C3H4o8fq.2","action":"Commit Response", "result":"Success", "context":Result: Success. cV=SnZrFnSZ1xCFj2C3H4o8fq.0;server=akswtt008000022;cloudType=Consumer;environment=Prod_southeastasia_prod-s01-064-apac-southeastasia;migrationStage=NotStarted}
{"logTime": "0618/045701", "correlationVector":"ejBIRmYv+AkrIhfKcKT2sT","action":"Commit Request", "result":"", "context":Item count: 5
Contributing types: Sessions, History}
{"logTime": "0618/045701", "correlationVector":"ejBIRmYv+AkrIhfKcKT2sT.1","action":"SyncServerConnectionManagerRequest", "result":"SYNC_SERVER_OK", "context":{"environment":"Prod_southeastasia_prod-s01-065-apac-southeastasia", "migrationStage":"NotStarted", "server":"akswtt00800003n"}}
{"logTime": "0618/045701", "correlationVector":"ejBIRmYv+AkrIhfKcKT2sT.2","action":"Commit Response", "result":"Success", "context":Result: Success. cV=ejBIRmYv+AkrIhfKcKT2sT.0;server=akswtt00800003n;cloudType=Consumer;environment=Prod_southeastasia_prod-s01-065-apac-southeastasia;migrationStage=NotStarted}
{"logTime": "0618/045704", "correlationVector":"sZPB56qQgnn4NsVkRhfskR","action":"Commit Request", "result":"", "context":Item count: 1
Contributing types: Preferences}
{"logTime": "0618/045704", "correlationVector":"sZPB56qQgnn4NsVkRhfskR.1","action":"SyncServerConnectionManagerRequest", "result":"SYNC_SERVER_OK", "context":{"environment":"Prod_southeastasia_prod-s01-065-apac-southeastasia", "migrationStage":"NotStarted", "server":"akswtt00800002w"}}
{"logTime": "0618/045704", "correlationVector":"sZPB56qQgnn4NsVkRhfskR.2","action":"Commit Response", "result":"Success", "context":Result: Success. cV=sZPB56qQgnn4NsVkRhfskR.0;server=akswtt00800002w;cloudType=Consumer;environment=Prod_southeastasia_prod-s01-065-apac-southeastasia;migrationStage=NotStarted}
{"logTime": "0618/045811", "correlationVector":"SK4Jn92vmIg1HuUnQZrmE4","action":"Commit Request", "result":"", "context":Item count: 1
Contributing types: Sessions}
{"logTime": "0618/045811", "correlationVector":"SK4Jn92vmIg1HuUnQZrmE4.1","action":"SyncServerConnectionManagerRequest", "result":"SYNC_SERVER_OK", "context":{"environment":"Prod_southeastasia_prod-s01-065-apac-southeastasia", "migrationStage":"NotStarted", "server":"akswtt008000038"}}
{"logTime": "0618/045811", "correlationVector":"SK4Jn92vmIg1HuUnQZrmE4.2","action":"Commit Response", "result":"Success", "context":Result: Success. cV=SK4Jn92vmIg1HuUnQZrmE4.0;server=akswtt008000038;cloudType=Consumer;environment=Prod_southeastasia_prod-s01-065-apac-southeastasia;migrationStage=NotStarted}
{"logTime": "0618/050005", "correlationVector":"NN1+Zgtpt7uwk5iawONoKQ","action":"Commit Request", "result":"", "context":Item count: 1
Contributing types: Sessions}
{"logTime": "0618/050006", "correlationVector":"NN1+Zgtpt7uwk5iawONoKQ.1","action":"SyncServerConnectionManagerRequest", "result":"SYNC_SERVER_OK", "context":{"environment":"Prod_southeastasia_prod-s01-065-apac-southeastasia", "migrationStage":"NotStarted", "server":"akswtt00800002s"}}
{"logTime": "0618/050006", "correlationVector":"NN1+Zgtpt7uwk5iawONoKQ.2","action":"Commit Response", "result":"Success", "context":Result: Success. cV=NN1+Zgtpt7uwk5iawONoKQ.0;server=akswtt00800002s;cloudType=Consumer;environment=Prod_southeastasia_prod-s01-065-apac-southeastasia;migrationStage=NotStarted}
{"logTime": "0618/050106", "correlationVector":"YQb27zll9iG8yjrY9FgZX4","action":"Commit Request", "result":"", "context":Item count: 1
Contributing types: Sessions}
{"logTime": "0618/050107", "correlationVector":"YQb27zll9iG8yjrY9FgZX4.1","action":"SyncServerConnectionManagerRequest", "result":"SYNC_SERVER_OK", "context":{"environment":"Prod_southeastasia_prod-s01-065-apac-southeastasia", "migrationStage":"NotStarted", "server":"akswtt008000034"}}
{"logTime": "0618/050107", "correlationVector":"YQb27zll9iG8yjrY9FgZX4.2","action":"Commit Response", "result":"Success", "context":Result: Success. cV=YQb27zll9iG8yjrY9FgZX4.0;server=akswtt008000034;cloudType=Consumer;environment=Prod_southeastasia_prod-s01-065-apac-southeastasia;migrationStage=NotStarted}
{"logTime": "0618/050219", "correlationVector":"mgxszmU9obN+hceF9EyV3s","action":"Commit Request", "result":"", "context":Item count: 1
Contributing types: Sessions}
{"logTime": "0618/050219", "correlationVector":"mgxszmU9obN+hceF9EyV3s.1","action":"SyncServerConnectionManagerRequest", "result":"SYNC_SERVER_OK", "context":{"environment":"Prod_southeastasia_prod-s01-065-apac-southeastasia", "migrationStage":"NotStarted", "server":"akswtt00800002w"}}
{"logTime": "0618/050219", "correlationVector":"mgxszmU9obN+hceF9EyV3s.2","action":"Commit Response", "result":"Success", "context":Result: Success. cV=mgxszmU9obN+hceF9EyV3s.0;server=akswtt00800002w;cloudType=Consumer;environment=Prod_southeastasia_prod-s01-065-apac-southeastasia;migrationStage=NotStarted}
{"logTime": "0618/050344", "correlationVector":"vwfnu/p3zh3WHmxAmpyZyW","action":"Normal GetUpdate request", "result":"", "context":cV=vwfnu/p3zh3WHmxAmpyZyW
Nudged types: Sessions
Notified types: History}
{"logTime": "0618/050344", "correlationVector":"vwfnu/p3zh3WHmxAmpyZyW.1","action":"SyncServerConnectionManagerRequest", "result":"SYNC_SERVER_OK", "context":{"environment":"Prod_southeastasia_prod-s01-065-apac-southeastasia", "migrationStage":"NotStarted", "server":"akswtt00800002s"}}
{"logTime": "0618/050344", "correlationVector":"vwfnu/p3zh3WHmxAmpyZyW.2","action":"ProcessGetUpdates", "result":"Done", "context":{"dataType":"Preferences", "deleted":"0", "process_failed_to_decrypt":"0", "process_pending_decryption":"0", "process_success":"1", "total":"1"}}
{"logTime": "0618/050344", "correlationVector":"vwfnu/p3zh3WHmxAmpyZyW.3","action":"ProcessGetUpdates", "result":"Done", "context":{"dataType":"Sessions", "deleted":"0", "process_failed_to_decrypt":"0", "process_pending_decryption":"0", "process_success":"3", "total":"3"}}
{"logTime": "0618/050344", "correlationVector":"vwfnu/p3zh3WHmxAmpyZyW.4","action":"ProcessGetUpdates", "result":"Done", "context":{"dataType":"History", "deleted":"0", "process_failed_to_decrypt":"0", "process_pending_decryption":"0", "process_success":"6", "total":"6"}}
{"logTime": "0618/050344", "correlationVector":"vwfnu/p3zh3WHmxAmpyZyW.5","action":"GetUpdates Response", "result":"Success", "context":Received 10 update(s). cV=vwfnu/p3zh3WHmxAmpyZyW.0;server=akswtt00800002s;cloudType=Consumer;environment=Prod_southeastasia_prod-s01-065-apac-southeastasia;migrationStage=NotStarted}
{"logTime": "0618/050344", "correlationVector":"E456ww9+zKtR1j5KEgvtw7","action":"Commit Request", "result":"", "context":Item count: 1
Contributing types: Sessions}
{"logTime": "0618/050345", "correlationVector":"E456ww9+zKtR1j5KEgvtw7.1","action":"SyncServerConnectionManagerRequest", "result":"SYNC_SERVER_OK", "context":{"environment":"Prod_southeastasia_prod-s01-065-apac-southeastasia", "migrationStage":"NotStarted", "server":"akswtt008000025"}}
{"logTime": "0618/050345", "correlationVector":"E456ww9+zKtR1j5KEgvtw7.2","action":"Commit Response", "result":"Success", "context":Result: Success. cV=E456ww9+zKtR1j5KEgvtw7.0;server=akswtt008000025;cloudType=Consumer;environment=Prod_southeastasia_prod-s01-065-apac-southeastasia;migrationStage=NotStarted}
{"logTime": "0618/050445", "correlationVector":"a6FZ/0/wkKd5mes1/TePHQ","action":"Commit Request", "result":"", "context":Item count: 1
Contributing types: Sessions}
{"logTime": "0618/050445", "correlationVector":"a6FZ/0/wkKd5mes1/TePHQ.1","action":"SyncServerConnectionManagerRequest", "result":"SYNC_SERVER_OK", "context":{"environment":"Prod_southeastasia_prod-s01-065-apac-southeastasia", "migrationStage":"NotStarted", "server":"akswtt00800004z"}}
{"logTime": "0618/050445", "correlationVector":"a6FZ/0/wkKd5mes1/TePHQ.2","action":"Commit Response", "result":"Success", "context":Result: Success. cV=a6FZ/0/wkKd5mes1/TePHQ.0;server=akswtt00800004z;cloudType=Consumer;environment=Prod_southeastasia_prod-s01-065-apac-southeastasia;migrationStage=NotStarted}
{"logTime": "0618/050446", "correlationVector":"Ei3pVbzD6cjKafEDqdYYdX","action":"Normal GetUpdate request", "result":"", "context":cV=Ei3pVbzD6cjKafEDqdYYdX
Notified types: History}
{"logTime": "0618/050446", "correlationVector":"Ei3pVbzD6cjKafEDqdYYdX.1","action":"SyncServerConnectionManagerRequest", "result":"SYNC_SERVER_OK", "context":{"environment":"Prod_southeastasia_prod-s01-065-apac-southeastasia", "migrationStage":"NotStarted", "server":"akswtt008000023"}}
{"logTime": "0618/050446", "correlationVector":"Ei3pVbzD6cjKafEDqdYYdX.2","action":"ProcessGetUpdates", "result":"Done", "context":{"dataType":"Sessions", "deleted":"0", "process_failed_to_decrypt":"0", "process_pending_decryption":"0", "process_success":"3", "total":"3"}}
{"logTime": "0618/050446", "correlationVector":"Ei3pVbzD6cjKafEDqdYYdX.3","action":"ProcessGetUpdates", "result":"Done", "context":{"dataType":"History", "deleted":"0", "process_failed_to_decrypt":"0", "process_pending_decryption":"0", "process_success":"3", "total":"3"}}
{"logTime": "0618/050446", "correlationVector":"Ei3pVbzD6cjKafEDqdYYdX.4","action":"GetUpdates Response", "result":"Success", "context":Received 6 update(s). cV=Ei3pVbzD6cjKafEDqdYYdX.0;server=akswtt008000023;cloudType=Consumer;environment=Prod_southeastasia_prod-s01-065-apac-southeastasia;migrationStage=NotStarted}
{"logTime": "0618/050546", "correlationVector":"Demul5qAxUNaWTRdWBwtSw","action":"Normal GetUpdate request", "result":"", "context":cV=Demul5qAxUNaWTRdWBwtSw
Notified types: History}
{"logTime": "0618/050546", "correlationVector":"Demul5qAxUNaWTRdWBwtSw.1","action":"SyncServerConnectionManagerRequest", "result":"SYNC_SERVER_OK", "context":{"environment":"Prod_southeastasia_prod-s01-065-apac-southeastasia", "migrationStage":"NotStarted", "server":"akswtt00800004z"}}
{"logTime": "0618/050546", "correlationVector":"Demul5qAxUNaWTRdWBwtSw.2","action":"ProcessGetUpdates", "result":"Done", "context":{"dataType":"Sessions", "deleted":"0", "process_failed_to_decrypt":"0", "process_pending_decryption":"0", "process_success":"3", "total":"3"}}
{"logTime": "0618/050546", "correlationVector":"Demul5qAxUNaWTRdWBwtSw.3","action":"ProcessGetUpdates", "result":"Done", "context":{"dataType":"History", "deleted":"0", "process_failed_to_decrypt":"0", "process_pending_decryption":"0", "process_success":"1", "total":"1"}}
{"logTime": "0618/050546", "correlationVector":"Demul5qAxUNaWTRdWBwtSw.4","action":"GetUpdates Response", "result":"Success", "context":Received 4 update(s). cV=Demul5qAxUNaWTRdWBwtSw.0;server=akswtt00800004z;cloudType=Consumer;environment=Prod_southeastasia_prod-s01-065-apac-southeastasia;migrationStage=NotStarted}
{"logTime": "0618/050648", "correlationVector":"r4ypoYWOXDrIO7UTNbRwLY","action":"Normal GetUpdate request", "result":"", "context":cV=r4ypoYWOXDrIO7UTNbRwLY
Nudged types: Sessions
Notified types: History}
{"logTime": "0618/050648", "correlationVector":"r4ypoYWOXDrIO7UTNbRwLY.1","action":"SyncServerConnectionManagerRequest", "result":"SYNC_SERVER_OK", "context":{"environment":"Prod_southeastasia_prod-s01-064-apac-southeastasia", "migrationStage":"NotStarted", "server":"akswtt00800002l"}}
{"logTime": "0618/050648", "correlationVector":"r4ypoYWOXDrIO7UTNbRwLY.2","action":"ProcessGetUpdates", "result":"Done", "context":{"dataType":"Sessions", "deleted":"0", "process_failed_to_decrypt":"0", "process_pending_decryption":"0", "process_success":"2", "total":"2"}}
{"logTime": "0618/050648", "correlationVector":"r4ypoYWOXDrIO7UTNbRwLY.3","action":"ProcessGetUpdates", "result":"Done", "context":{"dataType":"History", "deleted":"0", "process_failed_to_decrypt":"0", "process_pending_decryption":"0", "process_success":"2", "total":"2"}}
{"logTime": "0618/050648", "correlationVector":"r4ypoYWOXDrIO7UTNbRwLY.4","action":"GetUpdates Response", "result":"Success", "context":Received 4 update(s). cV=r4ypoYWOXDrIO7UTNbRwLY.0;server=akswtt00800002l;cloudType=Consumer;environment=Prod_southeastasia_prod-s01-064-apac-southeastasia;migrationStage=NotStarted}
{"logTime": "0618/050648", "correlationVector":"+1Cx0esIWjYSl1Y6O+mbVA","action":"Commit Request", "result":"", "context":Item count: 1
Contributing types: Sessions}
{"logTime": "0618/050648", "correlationVector":"+1Cx0esIWjYSl1Y6O+mbVA.1","action":"SyncServerConnectionManagerRequest", "result":"SYNC_SERVER_OK", "context":{"environment":"Prod_southeastasia_prod-s01-064-apac-southeastasia", "migrationStage":"NotStarted", "server":"akswtt00800004j"}}
{"logTime": "0618/050648", "correlationVector":"+1Cx0esIWjYSl1Y6O+mbVA.2","action":"Commit Response", "result":"Success", "context":Result: Success. cV=+1Cx0esIWjYSl1Y6O+mbVA.0;server=akswtt00800004j;cloudType=Consumer;environment=Prod_southeastasia_prod-s01-064-apac-southeastasia;migrationStage=NotStarted}
{"logTime": "0618/050748", "correlationVector":"14PruuOGkO4q/4elH6c7Nc","action":"Commit Request", "result":"", "context":Item count: 1
Contributing types: Sessions}
{"logTime": "0618/050748", "correlationVector":"14PruuOGkO4q/4elH6c7Nc.1","action":"SyncServerConnectionManagerRequest", "result":"SYNC_SERVER_OK", "context":{"environment":"Prod_southeastasia_prod-s01-064-apac-southeastasia", "migrationStage":"NotStarted", "server":"akswtt00800002l"}}
{"logTime": "0618/050748", "correlationVector":"14PruuOGkO4q/4elH6c7Nc.2","action":"Commit Response", "result":"Success", "context":Result: Success. cV=14PruuOGkO4q/4elH6c7Nc.0;server=akswtt00800002l;cloudType=Consumer;environment=Prod_southeastasia_prod-s01-064-apac-southeastasia;migrationStage=NotStarted}
{"logTime": "0618/050850", "correlationVector":"d8HbMCDrQrgr2+llyAbP3I","action":"Normal GetUpdate request", "result":"", "context":cV=d8HbMCDrQrgr2+llyAbP3I
Nudged types: Sessions
Notified types: Device Info}
{"logTime": "0618/050850", "correlationVector":"d8HbMCDrQrgr2+llyAbP3I.1","action":"SyncServerConnectionManagerRequest", "result":"SYNC_SERVER_OK", "context":{"environment":"Prod_southeastasia_prod-s01-064-apac-southeastasia", "migrationStage":"NotStarted", "server":"akswtt00800004r"}}
{"logTime": "0618/050850", "correlationVector":"d8HbMCDrQrgr2+llyAbP3I.2","action":"ProcessGetUpdates", "result":"Done", "context":{"dataType":"Sessions", "deleted":"0", "process_failed_to_decrypt":"0", "process_pending_decryption":"0", "process_success":"2", "total":"2"}}
{"logTime": "0618/050850", "correlationVector":"d8HbMCDrQrgr2+llyAbP3I.3","action":"ProcessGetUpdates", "result":"Done", "context":{"dataType":"Device Info", "deleted":"0", "process_failed_to_decrypt":"0", "process_pending_decryption":"0", "process_success":"1", "total":"1"}}
{"logTime": "0618/050850", "correlationVector":"d8HbMCDrQrgr2+llyAbP3I.4","action":"GetUpdates Response", "result":"Success", "context":Received 3 update(s). cV=d8HbMCDrQrgr2+llyAbP3I.0;server=akswtt00800004r;cloudType=Consumer;environment=Prod_southeastasia_prod-s01-064-apac-southeastasia;migrationStage=NotStarted}
{"logTime": "0618/050850", "correlationVector":"YTWriK1UKCWSzOnZOU3P84","action":"Commit Request", "result":"", "context":Item count: 1
Contributing types: Sessions}
{"logTime": "0618/050851", "correlationVector":"YTWriK1UKCWSzOnZOU3P84.1","action":"SyncServerConnectionManagerRequest", "result":"SYNC_SERVER_OK", "context":{"environment":"Prod_southeastasia_prod-s01-064-apac-southeastasia", "migrationStage":"NotStarted", "server":"akswtt008000011"}}
{"logTime": "0618/050851", "correlationVector":"YTWriK1UKCWSzOnZOU3P84.2","action":"Commit Response", "result":"Success", "context":Result: Success. cV=YTWriK1UKCWSzOnZOU3P84.0;server=akswtt008000011;cloudType=Consumer;environment=Prod_southeastasia_prod-s01-064-apac-southeastasia;migrationStage=NotStarted}
{"logTime": "0618/050853", "correlationVector":"5bAcVxGp7BPQaKnqjcpZ9r","action":"Normal GetUpdate request", "result":"", "context":cV=5bAcVxGp7BPQaKnqjcpZ9r
Nudged types: Sessions
Notified types: Preferences}
{"logTime": "0618/050853", "correlationVector":"5bAcVxGp7BPQaKnqjcpZ9r.1","action":"SyncServerConnectionManagerRequest", "result":"SYNC_SERVER_OK", "context":{"environment":"Prod_southeastasia_prod-s01-064-apac-southeastasia", "migrationStage":"NotStarted", "server":"akswtt00800002d"}}
{"logTime": "0618/050853", "correlationVector":"5bAcVxGp7BPQaKnqjcpZ9r.2","action":"ProcessGetUpdates", "result":"Done", "context":{"dataType":"Preferences", "deleted":"0", "process_failed_to_decrypt":"0", "process_pending_decryption":"0", "process_success":"1", "total":"1"}}
{"logTime": "0618/050853", "correlationVector":"5bAcVxGp7BPQaKnqjcpZ9r.3","action":"ProcessGetUpdates", "result":"Done", "context":{"dataType":"Sessions", "deleted":"0", "process_failed_to_decrypt":"0", "process_pending_decryption":"0", "process_success":"1", "total":"1"}}
{"logTime": "0618/050853", "correlationVector":"5bAcVxGp7BPQaKnqjcpZ9r.4","action":"GetUpdates Response", "result":"Success", "context":Received 2 update(s). cV=5bAcVxGp7BPQaKnqjcpZ9r.0;server=akswtt00800002d;cloudType=Consumer;environment=Prod_southeastasia_prod-s01-064-apac-southeastasia;migrationStage=NotStarted}
{"logTime": "0618/050936", "correlationVector":"NwShq1c2IbRLFJneGBCj9G","action":"Normal GetUpdate request", "result":"", "context":cV=NwShq1c2IbRLFJneGBCj9G
Notified types: Preferences, Device Info, History}
{"logTime": "0618/050936", "correlationVector":"NwShq1c2IbRLFJneGBCj9G.1","action":"SyncServerConnectionManagerRequest", "result":"SYNC_SERVER_OK", "context":{"environment":"Prod_southeastasia_prod-s01-064-apac-southeastasia", "migrationStage":"NotStarted", "server":"akswtt00800002b"}}
{"logTime": "0618/050936", "correlationVector":"NwShq1c2IbRLFJneGBCj9G.2","action":"ProcessGetUpdates", "result":"Done", "context":{"dataType":"Preferences", "deleted":"0", "process_failed_to_decrypt":"0", "process_pending_decryption":"0", "process_success":"2", "total":"2"}}
{"logTime": "0618/050936", "correlationVector":"NwShq1c2IbRLFJneGBCj9G.3","action":"ProcessGetUpdates", "result":"Done", "context":{"dataType":"Sessions", "deleted":"0", "process_failed_to_decrypt":"0", "process_pending_decryption":"0", "process_success":"4", "total":"4"}}
{"logTime": "0618/050936", "correlationVector":"NwShq1c2IbRLFJneGBCj9G.4","action":"ProcessGetUpdates", "result":"Done", "context":{"dataType":"Device Info", "deleted":"0", "process_failed_to_decrypt":"0", "process_pending_decryption":"0", "process_success":"1", "total":"1"}}
{"logTime": "0618/050936", "correlationVector":"NwShq1c2IbRLFJneGBCj9G.5","action":"ProcessGetUpdates", "result":"Done", "context":{"dataType":"History", "deleted":"0", "process_failed_to_decrypt":"0", "process_pending_decryption":"0", "process_success":"8", "total":"8"}}
{"logTime": "0618/050936", "correlationVector":"NwShq1c2IbRLFJneGBCj9G.6","action":"GetUpdates Response", "result":"Success", "context":Received 15 update(s). cV=NwShq1c2IbRLFJneGBCj9G.0;server=akswtt00800002b;cloudType=Consumer;environment=Prod_southeastasia_prod-s01-064-apac-southeastasia;migrationStage=NotStarted}
{"logTime": "0618/051045", "correlationVector":"Yr7MynaEMqcX0vzjFdGsc9","action":"Normal GetUpdate request", "result":"", "context":cV=Yr7MynaEMqcX0vzjFdGsc9
Notified types: History}
{"logTime": "0618/051045", "correlationVector":"Yr7MynaEMqcX0vzjFdGsc9.1","action":"SyncServerConnectionManagerRequest", "result":"SYNC_SERVER_OK", "context":{"environment":"Prod_southeastasia_prod-s01-065-apac-southeastasia", "migrationStage":"NotStarted", "server":"akswtt00800001a"}}
{"logTime": "0618/051045", "correlationVector":"Yr7MynaEMqcX0vzjFdGsc9.2","action":"ProcessGetUpdates", "result":"Done", "context":{"dataType":"Sessions", "deleted":"2", "process_failed_to_decrypt":"0", "process_pending_decryption":"0", "process_success":"4", "total":"4"}}
{"logTime": "0618/051045", "correlationVector":"Yr7MynaEMqcX0vzjFdGsc9.3","action":"ProcessGetUpdates", "result":"Done", "context":{"dataType":"History", "deleted":"0", "process_failed_to_decrypt":"0", "process_pending_decryption":"0", "process_success":"4", "total":"4"}}
{"logTime": "0618/051045", "correlationVector":"Yr7MynaEMqcX0vzjFdGsc9.4","action":"GetUpdates Response", "result":"Success", "context":Received 8 update(s). cV=Yr7MynaEMqcX0vzjFdGsc9.0;server=akswtt00800001a;cloudType=Consumer;environment=Prod_southeastasia_prod-s01-065-apac-southeastasia;migrationStage=NotStarted}
{"logTime": "0618/051505", "correlationVector":"4Q11r73O4iN/6zCBngUzcI","action":"Normal GetUpdate request", "result":"", "context":cV=4Q11r73O4iN/6zCBngUzcI
Notified types: Autofill, History}
{"logTime": "0618/051506", "correlationVector":"4Q11r73O4iN/6zCBngUzcI.1","action":"SyncServerConnectionManagerRequest", "result":"SYNC_SERVER_OK", "context":{"environment":"Prod_southeastasia_prod-s01-065-apac-southeastasia", "migrationStage":"NotStarted", "server":"akswtt008000007"}}
{"logTime": "0618/051506", "correlationVector":"4Q11r73O4iN/6zCBngUzcI.2","action":"ProcessGetUpdates", "result":"Done", "context":{"dataType":"Autofill", "deleted":"0", "process_failed_to_decrypt":"0", "process_pending_decryption":"0", "process_success":"1", "total":"1"}}
{"logTime": "0618/051506", "correlationVector":"4Q11r73O4iN/6zCBngUzcI.3","action":"ProcessGetUpdates", "result":"Done", "context":{"dataType":"Sessions", "deleted":"0", "process_failed_to_decrypt":"0", "process_pending_decryption":"0", "process_success":"2", "total":"2"}}
{"logTime": "0618/051506", "correlationVector":"4Q11r73O4iN/6zCBngUzcI.4","action":"ProcessGetUpdates", "result":"Done", "context":{"dataType":"History", "deleted":"0", "process_failed_to_decrypt":"0", "process_pending_decryption":"0", "process_success":"5", "total":"5"}}
{"logTime": "0618/051506", "correlationVector":"4Q11r73O4iN/6zCBngUzcI.5","action":"GetUpdates Response", "result":"Success", "context":Received 8 update(s). cV=4Q11r73O4iN/6zCBngUzcI.0;server=akswtt008000007;cloudType=Consumer;environment=Prod_southeastasia_prod-s01-065-apac-southeastasia;migrationStage=NotStarted}
{"logTime": "0618/051719", "correlationVector":"fmqqYzU1b6L77H+PdFMbyC","action":"Normal GetUpdate request", "result":"", "context":cV=fmqqYzU1b6L77H+PdFMbyC
Notified types: History}
{"logTime": "0618/051720", "correlationVector":"fmqqYzU1b6L77H+PdFMbyC.1","action":"SyncServerConnectionManagerRequest", "result":"SYNC_SERVER_OK", "context":{"environment":"Prod_southeastasia_prod-s01-065-apac-southeastasia", "migrationStage":"NotStarted", "server":"akswtt008000057"}}
{"logTime": "0618/051720", "correlationVector":"fmqqYzU1b6L77H+PdFMbyC.2","action":"ProcessGetUpdates", "result":"Done", "context":{"dataType":"Sessions", "deleted":"0", "process_failed_to_decrypt":"0", "process_pending_decryption":"0", "process_success":"1", "total":"1"}}
{"logTime": "0618/051720", "correlationVector":"fmqqYzU1b6L77H+PdFMbyC.3","action":"ProcessGetUpdates", "result":"Done", "context":{"dataType":"History", "deleted":"0", "process_failed_to_decrypt":"0", "process_pending_decryption":"0", "process_success":"2", "total":"2"}}
{"logTime": "0618/051720", "correlationVector":"fmqqYzU1b6L77H+PdFMbyC.4","action":"GetUpdates Response", "result":"Success", "context":Received 3 update(s). cV=fmqqYzU1b6L77H+PdFMbyC.0;server=akswtt008000057;cloudType=Consumer;environment=Prod_southeastasia_prod-s01-065-apac-southeastasia;migrationStage=NotStarted}
{"logTime": "0618/051826", "correlationVector":"RrjVIADqC1pbCy9Mpi0/bL","action":"Normal GetUpdate request", "result":"", "context":cV=RrjVIADqC1pbCy9Mpi0/bL
Notified types: History}
{"logTime": "0618/051827", "correlationVector":"RrjVIADqC1pbCy9Mpi0/bL.1","action":"SyncServerConnectionManagerRequest", "result":"SYNC_SERVER_OK", "context":{"environment":"Prod_southeastasia_prod-s01-065-apac-southeastasia", "migrationStage":"NotStarted", "server":"akswtt00800003a"}}
{"logTime": "0618/051827", "correlationVector":"RrjVIADqC1pbCy9Mpi0/bL.2","action":"ProcessGetUpdates", "result":"Done", "context":{"dataType":"Sessions", "deleted":"0", "process_failed_to_decrypt":"0", "process_pending_decryption":"0", "process_success":"1", "total":"1"}}
{"logTime": "0618/051827", "correlationVector":"RrjVIADqC1pbCy9Mpi0/bL.3","action":"ProcessGetUpdates", "result":"Done", "context":{"dataType":"History", "deleted":"0", "process_failed_to_decrypt":"0", "process_pending_decryption":"0", "process_success":"6", "total":"6"}}
{"logTime": "0618/051827", "correlationVector":"RrjVIADqC1pbCy9Mpi0/bL.4","action":"GetUpdates Response", "result":"Success", "context":Received 7 update(s). cV=RrjVIADqC1pbCy9Mpi0/bL.0;server=akswtt00800003a;cloudType=Consumer;environment=Prod_southeastasia_prod-s01-065-apac-southeastasia;migrationStage=NotStarted}
{"logTime": "0618/052002", "correlationVector":"LRPBDHq/zbeyE2yU5WIVBH","action":"Normal GetUpdate request", "result":"", "context":cV=LRPBDHq/zbeyE2yU5WIVBH
Notified types: History}
{"logTime": "0618/052002", "correlationVector":"LRPBDHq/zbeyE2yU5WIVBH.1","action":"SyncServerConnectionManagerRequest", "result":"SYNC_SERVER_OK", "context":{"environment":"Prod_southeastasia_prod-s01-065-apac-southeastasia", "migrationStage":"NotStarted", "server":"akswtt008000052"}}
{"logTime": "0618/052002", "correlationVector":"LRPBDHq/zbeyE2yU5WIVBH.2","action":"ProcessGetUpdates", "result":"Done", "context":{"dataType":"Sessions", "deleted":"0", "process_failed_to_decrypt":"0", "process_pending_decryption":"0", "process_success":"1", "total":"1"}}
{"logTime": "0618/052002", "correlationVector":"LRPBDHq/zbeyE2yU5WIVBH.3","action":"ProcessGetUpdates", "result":"Done", "context":{"dataType":"History", "deleted":"0", "process_failed_to_decrypt":"0", "process_pending_decryption":"0", "process_success":"7", "total":"7"}}
{"logTime": "0618/052002", "correlationVector":"LRPBDHq/zbeyE2yU5WIVBH.4","action":"GetUpdates Response", "result":"Success", "context":Received 8 update(s). cV=LRPBDHq/zbeyE2yU5WIVBH.0;server=akswtt008000052;cloudType=Consumer;environment=Prod_southeastasia_prod-s01-065-apac-southeastasia;migrationStage=NotStarted}
{"logTime": "0618/052118", "correlationVector":"tRPEbm7TrXIkYAKo42FRVj","action":"Normal GetUpdate request", "result":"", "context":cV=tRPEbm7TrXIkYAKo42FRVj
Notified types: History}
{"logTime": "0618/052118", "correlationVector":"tRPEbm7TrXIkYAKo42FRVj.1","action":"SyncServerConnectionManagerRequest", "result":"SYNC_SERVER_OK", "context":{"environment":"Prod_southeastasia_prod-s01-065-apac-southeastasia", "migrationStage":"NotStarted", "server":"akswtt00800002j"}}
{"logTime": "0618/052118", "correlationVector":"tRPEbm7TrXIkYAKo42FRVj.2","action":"ProcessGetUpdates", "result":"Done", "context":{"dataType":"Sessions", "deleted":"0", "process_failed_to_decrypt":"0", "process_pending_decryption":"0", "process_success":"1", "total":"1"}}
{"logTime": "0618/052118", "correlationVector":"tRPEbm7TrXIkYAKo42FRVj.3","action":"ProcessGetUpdates", "result":"Done", "context":{"dataType":"History", "deleted":"0", "process_failed_to_decrypt":"0", "process_pending_decryption":"0", "process_success":"2", "total":"2"}}
{"logTime": "0618/052118", "correlationVector":"tRPEbm7TrXIkYAKo42FRVj.4","action":"GetUpdates Response", "result":"Success", "context":Received 3 update(s). cV=tRPEbm7TrXIkYAKo42FRVj.0;server=akswtt00800002j;cloudType=Consumer;environment=Prod_southeastasia_prod-s01-065-apac-southeastasia;migrationStage=NotStarted}
{"logTime": "0618/052407", "correlationVector":"iOMcAeBK1KrVhKhrrHiRRN","action":"Commit Request", "result":"", "context":Item count: 1
Contributing types: Sessions}
{"logTime": "0618/052407", "correlationVector":"iOMcAeBK1KrVhKhrrHiRRN.1","action":"SyncServerConnectionManagerRequest", "result":"SYNC_SERVER_OK", "context":{"environment":"Prod_southeastasia_prod-s01-065-apac-southeastasia", "migrationStage":"NotStarted", "server":"akswtt00800002p"}}
{"logTime": "0618/052407", "correlationVector":"iOMcAeBK1KrVhKhrrHiRRN.2","action":"Commit Response", "result":"Success", "context":Result: Success. cV=iOMcAeBK1KrVhKhrrHiRRN.0;server=akswtt00800002p;cloudType=Consumer;environment=Prod_southeastasia_prod-s01-065-apac-southeastasia;migrationStage=NotStarted}
{"logTime": "0618/052412", "correlationVector":"wzlIxB2csBX6fmrUk90pCQ","action":"Normal GetUpdate request", "result":"", "context":cV=wzlIxB2csBX6fmrUk90pCQ
Notified types: History}
{"logTime": "0618/052412", "correlationVector":"wzlIxB2csBX6fmrUk90pCQ.1","action":"SyncServerConnectionManagerRequest", "result":"SYNC_SERVER_OK", "context":{"environment":"Prod_southeastasia_prod-s01-065-apac-southeastasia", "migrationStage":"NotStarted", "server":"akswtt00800003l"}}
{"logTime": "0618/052412", "correlationVector":"wzlIxB2csBX6fmrUk90pCQ.2","action":"ProcessGetUpdates", "result":"Done", "context":{"dataType":"Sessions", "deleted":"0", "process_failed_to_decrypt":"0", "process_pending_decryption":"0", "process_success":"4", "total":"4"}}
{"logTime": "0618/052412", "correlationVector":"wzlIxB2csBX6fmrUk90pCQ.3","action":"ProcessGetUpdates", "result":"Done", "context":{"dataType":"History", "deleted":"0", "process_failed_to_decrypt":"0", "process_pending_decryption":"0", "process_success":"3", "total":"3"}}
{"logTime": "0618/052412", "correlationVector":"wzlIxB2csBX6fmrUk90pCQ.4","action":"GetUpdates Response", "result":"Success", "context":Received 7 update(s). cV=wzlIxB2csBX6fmrUk90pCQ.0;server=akswtt00800003l;cloudType=Consumer;environment=Prod_southeastasia_prod-s01-065-apac-southeastasia;migrationStage=NotStarted}
{"logTime": "0618/052505", "correlationVector":"nt6D6wFIivTOcM8ARfTd2d","action":"Normal GetUpdate request", "result":"", "context":cV=nt6D6wFIivTOcM8ARfTd2d
Notified types: Device Info, History}
{"logTime": "0618/052505", "correlationVector":"nt6D6wFIivTOcM8ARfTd2d.1","action":"SyncServerConnectionManagerRequest", "result":"SYNC_SERVER_OK", "context":{"environment":"Prod_southeastasia_prod-s01-065-apac-southeastasia", "migrationStage":"NotStarted", "server":"akswtt008000005"}}
{"logTime": "0618/052505", "correlationVector":"nt6D6wFIivTOcM8ARfTd2d.2","action":"ProcessGetUpdates", "result":"Done", "context":{"dataType":"Sessions", "deleted":"0", "process_failed_to_decrypt":"0", "process_pending_decryption":"0", "process_success":"1", "total":"1"}}
{"logTime": "0618/052505", "correlationVector":"nt6D6wFIivTOcM8ARfTd2d.3","action":"ProcessGetUpdates", "result":"Done", "context":{"dataType":"Device Info", "deleted":"0", "process_failed_to_decrypt":"0", "process_pending_decryption":"0", "process_success":"1", "total":"1"}}
{"logTime": "0618/052505", "correlationVector":"nt6D6wFIivTOcM8ARfTd2d.4","action":"ProcessGetUpdates", "result":"Done", "context":{"dataType":"History", "deleted":"0", "process_failed_to_decrypt":"0", "process_pending_decryption":"0", "process_success":"2", "total":"2"}}
{"logTime": "0618/052505", "correlationVector":"nt6D6wFIivTOcM8ARfTd2d.5","action":"GetUpdates Response", "result":"Success", "context":Received 4 update(s). cV=nt6D6wFIivTOcM8ARfTd2d.0;server=akswtt008000005;cloudType=Consumer;environment=Prod_southeastasia_prod-s01-065-apac-southeastasia;migrationStage=NotStarted}
{"logTime": "0618/052507", "correlationVector":"VxAwsoA3OveXhEpNzkJsgx","action":"Normal GetUpdate request", "result":"", "context":cV=VxAwsoA3OveXhEpNzkJsgx
Notified types: Preferences, History}
{"logTime": "0618/052508", "correlationVector":"VxAwsoA3OveXhEpNzkJsgx.1","action":"SyncServerConnectionManagerRequest", "result":"SYNC_SERVER_OK", "context":{"environment":"Prod_southeastasia_prod-s01-065-apac-southeastasia", "migrationStage":"NotStarted", "server":"akswtt00800002p"}}
{"logTime": "0618/052508", "correlationVector":"VxAwsoA3OveXhEpNzkJsgx.2","action":"ProcessGetUpdates", "result":"Done", "context":{"dataType":"Preferences", "deleted":"0", "process_failed_to_decrypt":"0", "process_pending_decryption":"0", "process_success":"1", "total":"1"}}
{"logTime": "0618/052508", "correlationVector":"VxAwsoA3OveXhEpNzkJsgx.3","action":"ProcessGetUpdates", "result":"Done", "context":{"dataType":"Sessions", "deleted":"0", "process_failed_to_decrypt":"0", "process_pending_decryption":"0", "process_success":"2", "total":"2"}}
{"logTime": "0618/052508", "correlationVector":"VxAwsoA3OveXhEpNzkJsgx.4","action":"ProcessGetUpdates", "result":"Done", "context":{"dataType":"History", "deleted":"0", "process_failed_to_decrypt":"0", "process_pending_decryption":"0", "process_success":"1", "total":"1"}}
{"logTime": "0618/052508", "correlationVector":"VxAwsoA3OveXhEpNzkJsgx.5","action":"GetUpdates Response", "result":"Success", "context":Received 4 update(s). cV=VxAwsoA3OveXhEpNzkJsgx.0;server=akswtt00800002p;cloudType=Consumer;environment=Prod_southeastasia_prod-s01-065-apac-southeastasia;migrationStage=NotStarted}
{"logTime": "0618/052559", "correlationVector":"rPo+ZsaFRZqjl1TamAGdYx","action":"Normal GetUpdate request", "result":"", "context":cV=rPo+ZsaFRZqjl1TamAGdYx
Notified types: Preferences, Device Info, History}
{"logTime": "0618/052559", "correlationVector":"rPo+ZsaFRZqjl1TamAGdYx.1","action":"SyncServerConnectionManagerRequest", "result":"SYNC_SERVER_OK", "context":{"environment":"Prod_southeastasia_prod-s01-065-apac-southeastasia", "migrationStage":"NotStarted", "server":"akswtt008000013"}}
{"logTime": "0618/052559", "correlationVector":"rPo+ZsaFRZqjl1TamAGdYx.2","action":"ProcessGetUpdates", "result":"Done", "context":{"dataType":"Preferences", "deleted":"0", "process_failed_to_decrypt":"0", "process_pending_decryption":"0", "process_success":"2", "total":"2"}}
{"logTime": "0618/052559", "correlationVector":"rPo+ZsaFRZqjl1TamAGdYx.3","action":"ProcessGetUpdates", "result":"Done", "context":{"dataType":"Sessions", "deleted":"0", "process_failed_to_decrypt":"0", "process_pending_decryption":"0", "process_success":"4", "total":"4"}}
{"logTime": "0618/052559", "correlationVector":"rPo+ZsaFRZqjl1TamAGdYx.4","action":"ProcessGetUpdates", "result":"Done", "context":{"dataType":"Device Info", "deleted":"0", "process_failed_to_decrypt":"0", "process_pending_decryption":"0", "process_success":"1", "total":"1"}}
{"logTime": "0618/052559", "correlationVector":"rPo+ZsaFRZqjl1TamAGdYx.5","action":"ProcessGetUpdates", "result":"Done", "context":{"dataType":"History", "deleted":"0", "process_failed_to_decrypt":"0", "process_pending_decryption":"0", "process_success":"15", "total":"15"}}
{"logTime": "0618/052559", "correlationVector":"rPo+ZsaFRZqjl1TamAGdYx.6","action":"GetUpdates Response", "result":"Success", "context":Received 22 update(s). cV=rPo+ZsaFRZqjl1TamAGdYx.0;server=akswtt008000013;cloudType=Consumer;environment=Prod_southeastasia_prod-s01-065-apac-southeastasia;migrationStage=NotStarted}
{"logTime": "0618/052923", "correlationVector":"nOeBQneDjqq70il5zPFVCd","action":"Normal GetUpdate request", "result":"", "context":cV=nOeBQneDjqq70il5zPFVCd
Notified types: History}
{"logTime": "0618/052923", "correlationVector":"nOeBQneDjqq70il5zPFVCd.1","action":"SyncServerConnectionManagerRequest", "result":"SYNC_SERVER_OK", "context":{"environment":"Prod_southeastasia_prod-s01-065-apac-southeastasia", "migrationStage":"NotStarted", "server":"akswtt008000022"}}
{"logTime": "0618/052923", "correlationVector":"nOeBQneDjqq70il5zPFVCd.2","action":"ProcessGetUpdates", "result":"Done", "context":{"dataType":"Sessions", "deleted":"0", "process_failed_to_decrypt":"0", "process_pending_decryption":"0", "process_success":"4", "total":"4"}}
{"logTime": "0618/052923", "correlationVector":"nOeBQneDjqq70il5zPFVCd.3","action":"ProcessGetUpdates", "result":"Done", "context":{"dataType":"History", "deleted":"0", "process_failed_to_decrypt":"0", "process_pending_decryption":"0", "process_success":"8", "total":"8"}}
{"logTime": "0618/052923", "correlationVector":"nOeBQneDjqq70il5zPFVCd.4","action":"GetUpdates Response", "result":"Success", "context":Received 12 update(s). cV=nOeBQneDjqq70il5zPFVCd.0;server=akswtt008000022;cloudType=Consumer;environment=Prod_southeastasia_prod-s01-065-apac-southeastasia;migrationStage=NotStarted}
{"logTime": "0618/053116", "correlationVector":"BkdDwJHYqHEHFOYL2tdwSy","action":"Normal GetUpdate request", "result":"", "context":cV=BkdDwJHYqHEHFOYL2tdwSy
Notified types: Preferences, Device Info, History}
{"logTime": "0618/053116", "correlationVector":"BkdDwJHYqHEHFOYL2tdwSy.1","action":"SyncServerConnectionManagerRequest", "result":"SYNC_SERVER_OK", "context":{"environment":"Prod_southeastasia_prod-s01-065-apac-southeastasia", "migrationStage":"NotStarted", "server":"akswtt00800004z"}}
{"logTime": "0618/053116", "correlationVector":"BkdDwJHYqHEHFOYL2tdwSy.2","action":"ProcessGetUpdates", "result":"Done", "context":{"dataType":"Preferences", "deleted":"0", "process_failed_to_decrypt":"0", "process_pending_decryption":"0", "process_success":"2", "total":"2"}}
{"logTime": "0618/053116", "correlationVector":"BkdDwJHYqHEHFOYL2tdwSy.3","action":"ProcessGetUpdates", "result":"Done", "context":{"dataType":"Sessions", "deleted":"0", "process_failed_to_decrypt":"0", "process_pending_decryption":"0", "process_success":"2", "total":"2"}}
{"logTime": "0618/053116", "correlationVector":"BkdDwJHYqHEHFOYL2tdwSy.4","action":"ProcessGetUpdates", "result":"Done", "context":{"dataType":"Device Info", "deleted":"0", "process_failed_to_decrypt":"0", "process_pending_decryption":"0", "process_success":"1", "total":"1"}}
{"logTime": "0618/053116", "correlationVector":"BkdDwJHYqHEHFOYL2tdwSy.5","action":"ProcessGetUpdates", "result":"Done", "context":{"dataType":"History", "deleted":"0", "process_failed_to_decrypt":"0", "process_pending_decryption":"0", "process_success":"2", "total":"2"}}
{"logTime": "0618/053116", "correlationVector":"BkdDwJHYqHEHFOYL2tdwSy.6","action":"GetUpdates Response", "result":"Success", "context":Received 7 update(s). cV=BkdDwJHYqHEHFOYL2tdwSy.0;server=akswtt00800004z;cloudType=Consumer;environment=Prod_southeastasia_prod-s01-065-apac-southeastasia;migrationStage=NotStarted}
{"logTime": "0618/053118", "correlationVector":"fdvbBNZ3KLmmL5KeGVhvXg","action":"Normal GetUpdate request", "result":"", "context":cV=fdvbBNZ3KLmmL5KeGVhvXg
Notified types: Preferences}
{"logTime": "0618/053118", "correlationVector":"fdvbBNZ3KLmmL5KeGVhvXg.1","action":"SyncServerConnectionManagerRequest", "result":"SYNC_SERVER_OK", "context":{"environment":"Prod_southeastasia_prod-s01-065-apac-southeastasia", "migrationStage":"NotStarted", "server":"akswtt00800004y"}}
{"logTime": "0618/053118", "correlationVector":"fdvbBNZ3KLmmL5KeGVhvXg.2","action":"ProcessGetUpdates", "result":"Done", "context":{"dataType":"Preferences", "deleted":"0", "process_failed_to_decrypt":"0", "process_pending_decryption":"0", "process_success":"2", "total":"2"}}
{"logTime": "0618/053118", "correlationVector":"fdvbBNZ3KLmmL5KeGVhvXg.3","action":"GetUpdates Response", "result":"Success", "context":Received 2 update(s). cV=fdvbBNZ3KLmmL5KeGVhvXg.0;server=akswtt00800004y;cloudType=Consumer;environment=Prod_southeastasia_prod-s01-065-apac-southeastasia;migrationStage=NotStarted}
{"logTime": "0618/053221", "correlationVector":"1msX/zWlhD2FDiXy87qrZ3","action":"Normal GetUpdate request", "result":"", "context":cV=1msX/zWlhD2FDiXy87qrZ3
Notified types: History}
{"logTime": "0618/053221", "correlationVector":"1msX/zWlhD2FDiXy87qrZ3.1","action":"SyncServerConnectionManagerRequest", "result":"SYNC_SERVER_OK", "context":{"environment":"Prod_southeastasia_prod-s01-065-apac-southeastasia", "migrationStage":"NotStarted", "server":"akswtt00800003b"}}
{"logTime": "0618/053221", "correlationVector":"1msX/zWlhD2FDiXy87qrZ3.2","action":"ProcessGetUpdates", "result":"Done", "context":{"dataType":"Sessions", "deleted":"0", "process_failed_to_decrypt":"0", "process_pending_decryption":"0", "process_success":"4", "total":"4"}}
{"logTime": "0618/053221", "correlationVector":"1msX/zWlhD2FDiXy87qrZ3.3","action":"ProcessGetUpdates", "result":"Done", "context":{"dataType":"History", "deleted":"0", "process_failed_to_decrypt":"0", "process_pending_decryption":"0", "process_success":"1", "total":"1"}}
{"logTime": "0618/053221", "correlationVector":"1msX/zWlhD2FDiXy87qrZ3.4","action":"GetUpdates Response", "result":"Success", "context":Received 5 update(s). cV=1msX/zWlhD2FDiXy87qrZ3.0;server=akswtt00800003b;cloudType=Consumer;environment=Prod_southeastasia_prod-s01-065-apac-southeastasia;migrationStage=NotStarted}
{"logTime": "0618/053546", "correlationVector":"NAo6BOJtOPigFgnEEShlgV","action":"Normal GetUpdate request", "result":"", "context":cV=NAo6BOJtOPigFgnEEShlgV
Notified types: History}
{"logTime": "0618/053546", "correlationVector":"NAo6BOJtOPigFgnEEShlgV.1","action":"SyncServerConnectionManagerRequest", "result":"SYNC_SERVER_OK", "context":{"environment":"Prod_southeastasia_prod-s01-065-apac-southeastasia", "migrationStage":"NotStarted", "server":"akswtt00800004q"}}
{"logTime": "0618/053546", "correlationVector":"NAo6BOJtOPigFgnEEShlgV.2","action":"ProcessGetUpdates", "result":"Done", "context":{"dataType":"Sessions", "deleted":"1", "process_failed_to_decrypt":"0", "process_pending_decryption":"0", "process_success":"4", "total":"4"}}
{"logTime": "0618/053546", "correlationVector":"NAo6BOJtOPigFgnEEShlgV.3","action":"ProcessGetUpdates", "result":"Done", "context":{"dataType":"History", "deleted":"0", "process_failed_to_decrypt":"0", "process_pending_decryption":"0", "process_success":"8", "total":"8"}}
{"logTime": "0618/053546", "correlationVector":"NAo6BOJtOPigFgnEEShlgV.4","action":"GetUpdates Response", "result":"Success", "context":Received 12 update(s). cV=NAo6BOJtOPigFgnEEShlgV.0;server=akswtt00800004q;cloudType=Consumer;environment=Prod_southeastasia_prod-s01-065-apac-southeastasia;migrationStage=NotStarted}
{"logTime": "0618/053630", "correlationVector":"qTbnGx2geau5z25bC/ACV0","action":"Normal GetUpdate request", "result":"", "context":cV=qTbnGx2geau5z25bC/ACV0
Nudged types: Sessions
Notified types: Device Info, History}
{"logTime": "0618/053630", "correlationVector":"qTbnGx2geau5z25bC/ACV0.1","action":"SyncServerConnectionManagerRequest", "result":"SYNC_SERVER_OK", "context":{"environment":"Prod_southeastasia_prod-s01-065-apac-southeastasia", "migrationStage":"NotStarted", "server":"akswtt00800004l"}}
{"logTime": "0618/053630", "correlationVector":"qTbnGx2geau5z25bC/ACV0.2","action":"ProcessGetUpdates", "result":"Done", "context":{"dataType":"Sessions", "deleted":"0", "process_failed_to_decrypt":"0", "process_pending_decryption":"0", "process_success":"3", "total":"3"}}
{"logTime": "0618/053630", "correlationVector":"qTbnGx2geau5z25bC/ACV0.3","action":"ProcessGetUpdates", "result":"Done", "context":{"dataType":"Device Info", "deleted":"0", "process_failed_to_decrypt":"0", "process_pending_decryption":"0", "process_success":"1", "total":"1"}}
{"logTime": "0618/053630", "correlationVector":"qTbnGx2geau5z25bC/ACV0.4","action":"ProcessGetUpdates", "result":"Done", "context":{"dataType":"History", "deleted":"0", "process_failed_to_decrypt":"0", "process_pending_decryption":"0", "process_success":"5", "total":"5"}}
{"logTime": "0618/053630", "correlationVector":"qTbnGx2geau5z25bC/ACV0.5","action":"GetUpdates Response", "result":"Success", "context":Received 9 update(s). cV=qTbnGx2geau5z25bC/ACV0.0;server=akswtt00800004l;cloudType=Consumer;environment=Prod_southeastasia_prod-s01-065-apac-southeastasia;migrationStage=NotStarted}
{"logTime": "0618/053630", "correlationVector":"hyluqroWf+MwDwKBMfunAj","action":"Commit Request", "result":"", "context":Item count: 1
Contributing types: Sessions}
{"logTime": "0618/053631", "correlationVector":"hyluqroWf+MwDwKBMfunAj.1","action":"SyncServerConnectionManagerRequest", "result":"SYNC_SERVER_OK", "context":{"environment":"Prod_southeastasia_prod-s01-065-apac-southeastasia", "migrationStage":"NotStarted", "server":"akswtt00800001c"}}
{"logTime": "0618/053631", "correlationVector":"hyluqroWf+MwDwKBMfunAj.2","action":"Commit Response", "result":"Success", "context":Result: Success. cV=hyluqroWf+MwDwKBMfunAj.0;server=akswtt00800001c;cloudType=Consumer;environment=Prod_southeastasia_prod-s01-065-apac-southeastasia;migrationStage=NotStarted}
{"logTime": "0618/053718", "correlationVector":"G8z3TsrX5sJLRO1c4aM8mJ","action":"Normal GetUpdate request", "result":"", "context":cV=G8z3TsrX5sJLRO1c4aM8mJ
Nudged types: Sessions
Notified types: History}
{"logTime": "0618/053718", "correlationVector":"G8z3TsrX5sJLRO1c4aM8mJ.1","action":"SyncServerConnectionManagerRequest", "result":"SYNC_SERVER_OK", "context":{"environment":"Prod_southeastasia_prod-s01-065-apac-southeastasia", "migrationStage":"NotStarted", "server":"akswtt00800004w"}}
{"logTime": "0618/053718", "correlationVector":"G8z3TsrX5sJLRO1c4aM8mJ.2","action":"ProcessGetUpdates", "result":"Done", "context":{"dataType":"Sessions", "deleted":"1", "process_failed_to_decrypt":"0", "process_pending_decryption":"0", "process_success":"6", "total":"6"}}
{"logTime": "0618/053718", "correlationVector":"G8z3TsrX5sJLRO1c4aM8mJ.3","action":"ProcessGetUpdates", "result":"Done", "context":{"dataType":"History", "deleted":"0", "process_failed_to_decrypt":"0", "process_pending_decryption":"0", "process_success":"9", "total":"9"}}
{"logTime": "0618/053718", "correlationVector":"G8z3TsrX5sJLRO1c4aM8mJ.4","action":"GetUpdates Response", "result":"Success", "context":Received 15 update(s). cV=G8z3TsrX5sJLRO1c4aM8mJ.0;server=akswtt00800004w;cloudType=Consumer;environment=Prod_southeastasia_prod-s01-065-apac-southeastasia;migrationStage=NotStarted}
{"logTime": "0618/053913", "correlationVector":"nCyjaP8wNOOSzyRbZqXFJ2","action":"Normal GetUpdate request", "result":"", "context":cV=nCyjaP8wNOOSzyRbZqXFJ2
Notified types: Autofill, History}
{"logTime": "0618/053913", "correlationVector":"nCyjaP8wNOOSzyRbZqXFJ2.1","action":"SyncServerConnectionManagerRequest", "result":"SYNC_SERVER_OK", "context":{"environment":"Prod_southeastasia_prod-s01-065-apac-southeastasia", "migrationStage":"NotStarted", "server":"akswtt00800001d"}}
{"logTime": "0618/053913", "correlationVector":"nCyjaP8wNOOSzyRbZqXFJ2.2","action":"ProcessGetUpdates", "result":"Done", "context":{"dataType":"Autofill", "deleted":"0", "process_failed_to_decrypt":"0", "process_pending_decryption":"0", "process_success":"8", "total":"8"}}
{"logTime": "0618/053913", "correlationVector":"nCyjaP8wNOOSzyRbZqXFJ2.3","action":"ProcessGetUpdates", "result":"Done", "context":{"dataType":"Sessions", "deleted":"0", "process_failed_to_decrypt":"0", "process_pending_decryption":"0", "process_success":"2", "total":"2"}}
{"logTime": "0618/053913", "correlationVector":"nCyjaP8wNOOSzyRbZqXFJ2.4","action":"ProcessGetUpdates", "result":"Done", "context":{"dataType":"History", "deleted":"0", "process_failed_to_decrypt":"0", "process_pending_decryption":"0", "process_success":"3", "total":"3"}}
{"logTime": "0618/053913", "correlationVector":"nCyjaP8wNOOSzyRbZqXFJ2.5","action":"GetUpdates Response", "result":"Success", "context":Received 13 update(s). cV=nCyjaP8wNOOSzyRbZqXFJ2.0;server=akswtt00800001d;cloudType=Consumer;environment=Prod_southeastasia_prod-s01-065-apac-southeastasia;migrationStage=NotStarted}
{"logTime": "0618/053919", "correlationVector":"oAirqAxIlrLfODLjUX0M8u","action":"Normal GetUpdate request", "result":"", "context":cV=oAirqAxIlrLfODLjUX0M8u
Notified types: Preferences, Passwords, History}
{"logTime": "0618/053919", "correlationVector":"oAirqAxIlrLfODLjUX0M8u.1","action":"SyncServerConnectionManagerRequest", "result":"SYNC_SERVER_OK", "context":{"environment":"Prod_southeastasia_prod-s01-065-apac-southeastasia", "migrationStage":"NotStarted", "server":"akswtt008000013"}}
{"logTime": "0618/053919", "correlationVector":"oAirqAxIlrLfODLjUX0M8u.2","action":"ProcessGetUpdates", "result":"Done", "context":{"dataType":"Preferences", "deleted":"0", "process_failed_to_decrypt":"0", "process_pending_decryption":"0", "process_success":"2", "total":"2"}}
{"logTime": "0618/053919", "correlationVector":"oAirqAxIlrLfODLjUX0M8u.3","action":"ProcessGetUpdates", "result":"Done", "context":{"dataType":"Passwords", "deleted":"0", "process_failed_to_decrypt":"0", "process_pending_decryption":"0", "process_success":"1", "total":"1"}}
{"logTime": "0618/053919", "correlationVector":"oAirqAxIlrLfODLjUX0M8u.4","action":"ProcessGetUpdates", "result":"Done", "context":{"dataType":"Sessions", "deleted":"0", "process_failed_to_decrypt":"0", "process_pending_decryption":"0", "process_success":"1", "total":"1"}}
{"logTime": "0618/053919", "correlationVector":"oAirqAxIlrLfODLjUX0M8u.5","action":"ProcessGetUpdates", "result":"Done", "context":{"dataType":"History", "deleted":"0", "process_failed_to_decrypt":"0", "process_pending_decryption":"0", "process_success":"3", "total":"3"}}
{"logTime": "0618/053919", "correlationVector":"oAirqAxIlrLfODLjUX0M8u.6","action":"GetUpdates Response", "result":"Success", "context":Received 7 update(s). cV=oAirqAxIlrLfODLjUX0M8u.0;server=akswtt008000013;cloudType=Consumer;environment=Prod_southeastasia_prod-s01-065-apac-southeastasia;migrationStage=NotStarted}
{"logTime": "0618/053920", "correlationVector":"cQ7k/8rx6yyGccv/BcVG9f","action":"Normal GetUpdate request", "result":"", "context":cV=cQ7k/8rx6yyGccv/BcVG9f
Notified types: Preferences, Passwords}
{"logTime": "0618/053920", "correlationVector":"cQ7k/8rx6yyGccv/BcVG9f.1","action":"SyncServerConnectionManagerRequest", "result":"SYNC_SERVER_OK", "context":{"environment":"Prod_southeastasia_prod-s01-065-apac-southeastasia", "migrationStage":"NotStarted", "server":"akswtt00800002m"}}
{"logTime": "0618/053920", "correlationVector":"cQ7k/8rx6yyGccv/BcVG9f.2","action":"GetUpdates Response", "result":"Success", "context":Received 0 update(s). cV=cQ7k/8rx6yyGccv/BcVG9f.0;server=akswtt00800002m;cloudType=Consumer;environment=Prod_southeastasia_prod-s01-065-apac-southeastasia;migrationStage=NotStarted}
{"logTime": "0618/053944", "correlationVector":"Kgdb9QSfIYoQvCz24WD/4p","action":"Normal GetUpdate request", "result":"", "context":cV=Kgdb9QSfIYoQvCz24WD/4p
Notified types: Device Info, History}
{"logTime": "0618/053944", "correlationVector":"Kgdb9QSfIYoQvCz24WD/4p.1","action":"SyncServerConnectionManagerRequest", "result":"SYNC_SERVER_OK", "context":{"environment":"Prod_southeastasia_prod-s01-065-apac-southeastasia", "migrationStage":"NotStarted", "server":"akswtt00800004k"}}
{"logTime": "0618/053944", "correlationVector":"Kgdb9QSfIYoQvCz24WD/4p.2","action":"ProcessGetUpdates", "result":"Done", "context":{"dataType":"Sessions", "deleted":"0", "process_failed_to_decrypt":"0", "process_pending_decryption":"0", "process_success":"4", "total":"4"}}
{"logTime": "0618/053944", "correlationVector":"Kgdb9QSfIYoQvCz24WD/4p.3","action":"ProcessGetUpdates", "result":"Done", "context":{"dataType":"Device Info", "deleted":"0", "process_failed_to_decrypt":"0", "process_pending_decryption":"0", "process_success":"1", "total":"1"}}
{"logTime": "0618/053944", "correlationVector":"Kgdb9QSfIYoQvCz24WD/4p.4","action":"ProcessGetUpdates", "result":"Done", "context":{"dataType":"History", "deleted":"0", "process_failed_to_decrypt":"0", "process_pending_decryption":"0", "process_success":"2", "total":"2"}}
{"logTime": "0618/053944", "correlationVector":"Kgdb9QSfIYoQvCz24WD/4p.5","action":"GetUpdates Response", "result":"Success", "context":Received 7 update(s). cV=Kgdb9QSfIYoQvCz24WD/4p.0;server=akswtt00800004k;cloudType=Consumer;environment=Prod_southeastasia_prod-s01-065-apac-southeastasia;migrationStage=NotStarted}
{"logTime": "0618/053947", "correlationVector":"GVsWOhSj5GgnblxpBhOytk","action":"Normal GetUpdate request", "result":"", "context":cV=GVsWOhSj5GgnblxpBhOytk
Notified types: Preferences, History}
{"logTime": "0618/053947", "correlationVector":"GVsWOhSj5GgnblxpBhOytk.1","action":"SyncServerConnectionManagerRequest", "result":"SYNC_SERVER_OK", "context":{"environment":"Prod_southeastasia_prod-s01-065-apac-southeastasia", "migrationStage":"NotStarted", "server":"akswtt00800003p"}}
{"logTime": "0618/053947", "correlationVector":"GVsWOhSj5GgnblxpBhOytk.2","action":"ProcessGetUpdates", "result":"Done", "context":{"dataType":"Preferences", "deleted":"0", "process_failed_to_decrypt":"0", "process_pending_decryption":"0", "process_success":"2", "total":"2"}}
{"logTime": "0618/053947", "correlationVector":"GVsWOhSj5GgnblxpBhOytk.3","action":"ProcessGetUpdates", "result":"Done", "context":{"dataType":"Sessions", "deleted":"0", "process_failed_to_decrypt":"0", "process_pending_decryption":"0", "process_success":"4", "total":"4"}}
{"logTime": "0618/053947", "correlationVector":"GVsWOhSj5GgnblxpBhOytk.4","action":"ProcessGetUpdates", "result":"Done", "context":{"dataType":"History", "deleted":"0", "process_failed_to_decrypt":"0", "process_pending_decryption":"0", "process_success":"1", "total":"1"}}
{"logTime": "0618/053947", "correlationVector":"GVsWOhSj5GgnblxpBhOytk.5","action":"GetUpdates Response", "result":"Success", "context":Received 7 update(s). cV=GVsWOhSj5GgnblxpBhOytk.0;server=akswtt00800003p;cloudType=Consumer;environment=Prod_southeastasia_prod-s01-065-apac-southeastasia;migrationStage=NotStarted}
{"logTime": "0618/054050", "correlationVector":"6QVwM4fBdM9y5pAJJSmmcV","action":"Normal GetUpdate request", "result":"", "context":cV=6QVwM4fBdM9y5pAJJSmmcV
Notified types: History}
{"logTime": "0618/054051", "correlationVector":"6QVwM4fBdM9y5pAJJSmmcV.1","action":"SyncServerConnectionManagerRequest", "result":"SYNC_SERVER_OK", "context":{"environment":"Prod_southeastasia_prod-s01-065-apac-southeastasia", "migrationStage":"NotStarted", "server":"akswtt00800004l"}}
{"logTime": "0618/054051", "correlationVector":"6QVwM4fBdM9y5pAJJSmmcV.2","action":"ProcessGetUpdates", "result":"Done", "context":{"dataType":"Sessions", "deleted":"2", "process_failed_to_decrypt":"0", "process_pending_decryption":"0", "process_success":"5", "total":"5"}}
{"logTime": "0618/054051", "correlationVector":"6QVwM4fBdM9y5pAJJSmmcV.3","action":"ProcessGetUpdates", "result":"Done", "context":{"dataType":"History", "deleted":"0", "process_failed_to_decrypt":"0", "process_pending_decryption":"0", "process_success":"4", "total":"4"}}
{"logTime": "0618/054051", "correlationVector":"6QVwM4fBdM9y5pAJJSmmcV.4","action":"GetUpdates Response", "result":"Success", "context":Received 9 update(s). cV=6QVwM4fBdM9y5pAJJSmmcV.0;server=akswtt00800004l;cloudType=Consumer;environment=Prod_southeastasia_prod-s01-065-apac-southeastasia;migrationStage=NotStarted}
{"logTime": "0618/054221", "correlationVector":"HFy2mtEUA8FdoDrSra7P0B","action":"Normal GetUpdate request", "result":"", "context":cV=HFy2mtEUA8FdoDrSra7P0B
Notified types: History}
{"logTime": "0618/054222", "correlationVector":"HFy2mtEUA8FdoDrSra7P0B.1","action":"SyncServerConnectionManagerRequest", "result":"SYNC_SERVER_OK", "context":{"environment":"Prod_southeastasia_prod-s01-065-apac-southeastasia", "migrationStage":"NotStarted", "server":"akswtt00800002e"}}
{"logTime": "0618/054222", "correlationVector":"HFy2mtEUA8FdoDrSra7P0B.2","action":"ProcessGetUpdates", "result":"Done", "context":{"dataType":"Sessions", "deleted":"0", "process_failed_to_decrypt":"0", "process_pending_decryption":"0", "process_success":"5", "total":"5"}}
{"logTime": "0618/054222", "correlationVector":"HFy2mtEUA8FdoDrSra7P0B.3","action":"ProcessGetUpdates", "result":"Done", "context":{"dataType":"History", "deleted":"0", "process_failed_to_decrypt":"0", "process_pending_decryption":"0", "process_success":"8", "total":"8"}}
{"logTime": "0618/054222", "correlationVector":"HFy2mtEUA8FdoDrSra7P0B.4","action":"GetUpdates Response", "result":"Success", "context":Received 13 update(s). cV=HFy2mtEUA8FdoDrSra7P0B.0;server=akswtt00800002e;cloudType=Consumer;environment=Prod_southeastasia_prod-s01-065-apac-southeastasia;migrationStage=NotStarted}
{"logTime": "0618/054547", "correlationVector":"fqbIyPEH/ET5q7GpmOyQRa","action":"Normal GetUpdate request", "result":"", "context":cV=fqbIyPEH/ET5q7GpmOyQRa
Notified types: History}
{"logTime": "0618/054548", "correlationVector":"fqbIyPEH/ET5q7GpmOyQRa.1","action":"SyncServerConnectionManagerRequest", "result":"SYNC_SERVER_OK", "context":{"environment":"Prod_southeastasia_prod-s01-064-apac-southeastasia", "migrationStage":"NotStarted", "server":"akswtt00800001y"}}
{"logTime": "0618/054548", "correlationVector":"fqbIyPEH/ET5q7GpmOyQRa.2","action":"ProcessGetUpdates", "result":"Done", "context":{"dataType":"Sessions", "deleted":"1", "process_failed_to_decrypt":"0", "process_pending_decryption":"0", "process_success":"3", "total":"3"}}
{"logTime": "0618/054548", "correlationVector":"fqbIyPEH/ET5q7GpmOyQRa.3","action":"ProcessGetUpdates", "result":"Done", "context":{"dataType":"History", "deleted":"0", "process_failed_to_decrypt":"0", "process_pending_decryption":"0", "process_success":"4", "total":"4"}}
{"logTime": "0618/054548", "correlationVector":"fqbIyPEH/ET5q7GpmOyQRa.4","action":"GetUpdates Response", "result":"Success", "context":Received 7 update(s). cV=fqbIyPEH/ET5q7GpmOyQRa.0;server=akswtt00800001y;cloudType=Consumer;environment=Prod_southeastasia_prod-s01-064-apac-southeastasia;migrationStage=NotStarted}
{"logTime": "0618/054706", "correlationVector":"TpTIRyC3g0tAZTooIwotI1","action":"Normal GetUpdate request", "result":"", "context":cV=TpTIRyC3g0tAZTooIwotI1
Notified types: History}
{"logTime": "0618/054707", "correlationVector":"TpTIRyC3g0tAZTooIwotI1.1","action":"SyncServerConnectionManagerRequest", "result":"SYNC_SERVER_OK", "context":{"environment":"Prod_southeastasia_prod-s01-065-apac-southeastasia", "migrationStage":"NotStarted", "server":"akswtt00800003m"}}
{"logTime": "0618/054707", "correlationVector":"TpTIRyC3g0tAZTooIwotI1.2","action":"ProcessGetUpdates", "result":"Done", "context":{"dataType":"Sessions", "deleted":"0", "process_failed_to_decrypt":"0", "process_pending_decryption":"0", "process_success":"5", "total":"5"}}
{"logTime": "0618/054707", "correlationVector":"TpTIRyC3g0tAZTooIwotI1.3","action":"ProcessGetUpdates", "result":"Done", "context":{"dataType":"History", "deleted":"0", "process_failed_to_decrypt":"0", "process_pending_decryption":"0", "process_success":"9", "total":"9"}}
{"logTime": "0618/054707", "correlationVector":"TpTIRyC3g0tAZTooIwotI1.4","action":"GetUpdates Response", "result":"Success", "context":Received 14 update(s). cV=TpTIRyC3g0tAZTooIwotI1.0;server=akswtt00800003m;cloudType=Consumer;environment=Prod_southeastasia_prod-s01-065-apac-southeastasia;migrationStage=NotStarted}
{"logTime": "0618/054807", "correlationVector":"t8a9IMK9ETgNX7s81IFTIq","action":"Normal GetUpdate request", "result":"", "context":cV=t8a9IMK9ETgNX7s81IFTIq
Notified types: History}
{"logTime": "0618/054807", "correlationVector":"t8a9IMK9ETgNX7s81IFTIq.1","action":"SyncServerConnectionManagerRequest", "result":"SYNC_SERVER_OK", "context":{"environment":"Prod_southeastasia_prod-s01-064-apac-southeastasia", "migrationStage":"NotStarted", "server":"akswtt00800004h"}}
{"logTime": "0618/054807", "correlationVector":"t8a9IMK9ETgNX7s81IFTIq.2","action":"ProcessGetUpdates", "result":"Done", "context":{"dataType":"Sessions", "deleted":"0", "process_failed_to_decrypt":"0", "process_pending_decryption":"0", "process_success":"2", "total":"2"}}
{"logTime": "0618/054807", "correlationVector":"t8a9IMK9ETgNX7s81IFTIq.3","action":"ProcessGetUpdates", "result":"Done", "context":{"dataType":"History", "deleted":"0", "process_failed_to_decrypt":"0", "process_pending_decryption":"0", "process_success":"8", "total":"8"}}
{"logTime": "0618/054807", "correlationVector":"t8a9IMK9ETgNX7s81IFTIq.4","action":"GetUpdates Response", "result":"Success", "context":Received 10 update(s). cV=t8a9IMK9ETgNX7s81IFTIq.0;server=akswtt00800004h;cloudType=Consumer;environment=Prod_southeastasia_prod-s01-064-apac-southeastasia;migrationStage=NotStarted}
{"logTime": "0618/055049", "correlationVector":"b//bgaeZGjB9ybK96Gh+Cc","action":"Commit Request", "result":"", "context":Item count: 1
Contributing types: Sessions}
{"logTime": "0618/055049", "correlationVector":"b//bgaeZGjB9ybK96Gh+Cc.1","action":"SyncServerConnectionManagerRequest", "result":"SYNC_SERVER_OK", "context":{"environment":"Prod_southeastasia_prod-s01-065-apac-southeastasia", "migrationStage":"NotStarted", "server":"akswtt00800002d"}}
{"logTime": "0618/055049", "correlationVector":"b//bgaeZGjB9ybK96Gh+Cc.2","action":"Commit Response", "result":"Success", "context":Result: Success. cV=b//bgaeZGjB9ybK96Gh+Cc.0;server=akswtt00800002d;cloudType=Consumer;environment=Prod_southeastasia_prod-s01-065-apac-southeastasia;migrationStage=NotStarted}
{"logTime": "0618/055050", "correlationVector":"XA6FT9ejWn5jTOABV5Bm3M","action":"Normal GetUpdate request", "result":"", "context":cV=XA6FT9ejWn5jTOABV5Bm3M
Notified types: History}
{"logTime": "0618/055050", "correlationVector":"XA6FT9ejWn5jTOABV5Bm3M.1","action":"SyncServerConnectionManagerRequest", "result":"SYNC_SERVER_OK", "context":{"environment":"Prod_southeastasia_prod-s01-065-apac-southeastasia", "migrationStage":"NotStarted", "server":"akswtt00800004y"}}
{"logTime": "0618/055050", "correlationVector":"XA6FT9ejWn5jTOABV5Bm3M.2","action":"ProcessGetUpdates", "result":"Done", "context":{"dataType":"Sessions", "deleted":"0", "process_failed_to_decrypt":"0", "process_pending_decryption":"0", "process_success":"6", "total":"6"}}
{"logTime": "0618/055050", "correlationVector":"XA6FT9ejWn5jTOABV5Bm3M.3","action":"ProcessGetUpdates", "result":"Done", "context":{"dataType":"History", "deleted":"0", "process_failed_to_decrypt":"0", "process_pending_decryption":"0", "process_success":"5", "total":"5"}}
{"logTime": "0618/055050", "correlationVector":"XA6FT9ejWn5jTOABV5Bm3M.4","action":"GetUpdates Response", "result":"Success", "context":Received 11 update(s). cV=XA6FT9ejWn5jTOABV5Bm3M.0;server=akswtt00800004y;cloudType=Consumer;environment=Prod_southeastasia_prod-s01-065-apac-southeastasia;migrationStage=NotStarted}
{"logTime": "0618/055208", "correlationVector":"Pg4ag6x6fPuqjYABMvU1Wq","action":"Normal GetUpdate request", "result":"", "context":cV=Pg4ag6x6fPuqjYABMvU1Wq
Notified types: History}
{"logTime": "0618/055208", "correlationVector":"Pg4ag6x6fPuqjYABMvU1Wq.1","action":"SyncServerConnectionManagerRequest", "result":"SYNC_SERVER_OK", "context":{"environment":"Prod_southeastasia_prod-s01-064-apac-southeastasia", "migrationStage":"NotStarted", "server":"akswtt00800002j"}}
{"logTime": "0618/055208", "correlationVector":"Pg4ag6x6fPuqjYABMvU1Wq.2","action":"ProcessGetUpdates", "result":"Done", "context":{"dataType":"Sessions", "deleted":"0", "process_failed_to_decrypt":"0", "process_pending_decryption":"0", "process_success":"1", "total":"1"}}
{"logTime": "0618/055208", "correlationVector":"Pg4ag6x6fPuqjYABMvU1Wq.3","action":"ProcessGetUpdates", "result":"Done", "context":{"dataType":"History", "deleted":"0", "process_failed_to_decrypt":"0", "process_pending_decryption":"0", "process_success":"8", "total":"8"}}
{"logTime": "0618/055208", "correlationVector":"Pg4ag6x6fPuqjYABMvU1Wq.4","action":"GetUpdates Response", "result":"Success", "context":Received 9 update(s). cV=Pg4ag6x6fPuqjYABMvU1Wq.0;server=akswtt00800002j;cloudType=Consumer;environment=Prod_southeastasia_prod-s01-064-apac-southeastasia;migrationStage=NotStarted}
{"logTime": "0618/055340", "correlationVector":"xZrblBeOfQJR4JzdKb1IFB","action":"Normal GetUpdate request", "result":"", "context":cV=xZrblBeOfQJR4JzdKb1IFB
Notified types: History}
{"logTime": "0618/055340", "correlationVector":"xZrblBeOfQJR4JzdKb1IFB.1","action":"SyncServerConnectionManagerRequest", "result":"SYNC_SERVER_OK", "context":{"environment":"Prod_southeastasia_prod-s01-065-apac-southeastasia", "migrationStage":"NotStarted", "server":"akswtt00800003y"}}
{"logTime": "0618/055340", "correlationVector":"xZrblBeOfQJR4JzdKb1IFB.2","action":"ProcessGetUpdates", "result":"Done", "context":{"dataType":"Sessions", "deleted":"0", "process_failed_to_decrypt":"0", "process_pending_decryption":"0", "process_success":"1", "total":"1"}}
{"logTime": "0618/055340", "correlationVector":"xZrblBeOfQJR4JzdKb1IFB.3","action":"ProcessGetUpdates", "result":"Done", "context":{"dataType":"History", "deleted":"0", "process_failed_to_decrypt":"0", "process_pending_decryption":"0", "process_success":"4", "total":"4"}}
{"logTime": "0618/055340", "correlationVector":"xZrblBeOfQJR4JzdKb1IFB.4","action":"GetUpdates Response", "result":"Success", "context":Received 5 update(s). cV=xZrblBeOfQJR4JzdKb1IFB.0;server=akswtt00800003y;cloudType=Consumer;environment=Prod_southeastasia_prod-s01-065-apac-southeastasia;migrationStage=NotStarted}
{"logTime": "0618/055451", "correlationVector":"PTyE0k+1blR7dID6N6zstw","action":"Normal GetUpdate request", "result":"", "context":cV=PTyE0k+1blR7dID6N6zstw
Notified types: History}
{"logTime": "0618/055452", "correlationVector":"PTyE0k+1blR7dID6N6zstw.1","action":"SyncServerConnectionManagerRequest", "result":"SYNC_SERVER_OK", "context":{"environment":"Prod_southeastasia_prod-s01-065-apac-southeastasia", "migrationStage":"NotStarted", "server":"akswtt00800002g"}}
{"logTime": "0618/055452", "correlationVector":"PTyE0k+1blR7dID6N6zstw.2","action":"ProcessGetUpdates", "result":"Done", "context":{"dataType":"Sessions", "deleted":"0", "process_failed_to_decrypt":"0", "process_pending_decryption":"0", "process_success":"2", "total":"2"}}
{"logTime": "0618/055452", "correlationVector":"PTyE0k+1blR7dID6N6zstw.3","action":"ProcessGetUpdates", "result":"Done", "context":{"dataType":"History", "deleted":"0", "process_failed_to_decrypt":"0", "process_pending_decryption":"0", "process_success":"6", "total":"6"}}
{"logTime": "0618/055452", "correlationVector":"PTyE0k+1blR7dID6N6zstw.4","action":"GetUpdates Response", "result":"Success", "context":Received 8 update(s). cV=PTyE0k+1blR7dID6N6zstw.0;server=akswtt00800002g;cloudType=Consumer;environment=Prod_southeastasia_prod-s01-065-apac-southeastasia;migrationStage=NotStarted}
{"logTime": "0618/055602", "correlationVector":"hPzKRM5NfdfTMkX3oJHmEa","action":"Normal GetUpdate request", "result":"", "context":cV=hPzKRM5NfdfTMkX3oJHmEa
Notified types: History}
{"logTime": "0618/055602", "correlationVector":"hPzKRM5NfdfTMkX3oJHmEa.1","action":"SyncServerConnectionManagerRequest", "result":"SYNC_SERVER_OK", "context":{"environment":"Prod_southeastasia_prod-s01-065-apac-southeastasia", "migrationStage":"NotStarted", "server":"akswtt008000008"}}
{"logTime": "0618/055602", "correlationVector":"hPzKRM5NfdfTMkX3oJHmEa.2","action":"ProcessGetUpdates", "result":"Done", "context":{"dataType":"Sessions", "deleted":"0", "process_failed_to_decrypt":"0", "process_pending_decryption":"0", "process_success":"2", "total":"2"}}
{"logTime": "0618/055602", "correlationVector":"hPzKRM5NfdfTMkX3oJHmEa.3","action":"ProcessGetUpdates", "result":"Done", "context":{"dataType":"History", "deleted":"0", "process_failed_to_decrypt":"0", "process_pending_decryption":"0", "process_success":"2", "total":"2"}}
{"logTime": "0618/055602", "correlationVector":"hPzKRM5NfdfTMkX3oJHmEa.4","action":"GetUpdates Response", "result":"Success", "context":Received 4 update(s). cV=hPzKRM5NfdfTMkX3oJHmEa.0;server=akswtt008000008;cloudType=Consumer;environment=Prod_southeastasia_prod-s01-065-apac-southeastasia;migrationStage=NotStarted}
{"logTime": "0618/055735", "correlationVector":"fABPaVHllIpnIEBBtbHz0m","action":"Normal GetUpdate request", "result":"", "context":cV=fABPaVHllIpnIEBBtbHz0m
Notified types: History}
{"logTime": "0618/055735", "correlationVector":"fABPaVHllIpnIEBBtbHz0m.1","action":"SyncServerConnectionManagerRequest", "result":"SYNC_SERVER_OK", "context":{"environment":"Prod_southeastasia_prod-s01-065-apac-southeastasia", "migrationStage":"NotStarted", "server":"akswtt00800001v"}}
{"logTime": "0618/055735", "correlationVector":"fABPaVHllIpnIEBBtbHz0m.2","action":"ProcessGetUpdates", "result":"Done", "context":{"dataType":"Sessions", "deleted":"0", "process_failed_to_decrypt":"0", "process_pending_decryption":"0", "process_success":"3", "total":"3"}}
{"logTime": "0618/055735", "correlationVector":"fABPaVHllIpnIEBBtbHz0m.3","action":"ProcessGetUpdates", "result":"Done", "context":{"dataType":"History", "deleted":"0", "process_failed_to_decrypt":"0", "process_pending_decryption":"0", "process_success":"3", "total":"3"}}
{"logTime": "0618/055735", "correlationVector":"fABPaVHllIpnIEBBtbHz0m.4","action":"GetUpdates Response", "result":"Success", "context":Received 6 update(s). cV=fABPaVHllIpnIEBBtbHz0m.0;server=akswtt00800001v;cloudType=Consumer;environment=Prod_southeastasia_prod-s01-065-apac-southeastasia;migrationStage=NotStarted}
{"logTime": "0618/060143", "correlationVector":"LvowgSh++t3nZvpwzjx4qK","action":"Normal GetUpdate request", "result":"", "context":cV=LvowgSh++t3nZvpwzjx4qK
Notified types: History}
{"logTime": "0618/060143", "correlationVector":"LvowgSh++t3nZvpwzjx4qK.1","action":"SyncServerConnectionManagerRequest", "result":"SYNC_SERVER_OK", "context":{"environment":"Prod_southeastasia_prod-s01-065-apac-southeastasia", "migrationStage":"NotStarted", "server":"akswtt008000009"}}
{"logTime": "0618/060143", "correlationVector":"LvowgSh++t3nZvpwzjx4qK.2","action":"ProcessGetUpdates", "result":"Done", "context":{"dataType":"Sessions", "deleted":"0", "process_failed_to_decrypt":"0", "process_pending_decryption":"0", "process_success":"2", "total":"2"}}
{"logTime": "0618/060143", "correlationVector":"LvowgSh++t3nZvpwzjx4qK.3","action":"ProcessGetUpdates", "result":"Done", "context":{"dataType":"History", "deleted":"0", "process_failed_to_decrypt":"0", "process_pending_decryption":"0", "process_success":"2", "total":"2"}}
{"logTime": "0618/060143", "correlationVector":"LvowgSh++t3nZvpwzjx4qK.4","action":"GetUpdates Response", "result":"Success", "context":Received 4 update(s). cV=LvowgSh++t3nZvpwzjx4qK.0;server=akswtt008000009;cloudType=Consumer;environment=Prod_southeastasia_prod-s01-065-apac-southeastasia;migrationStage=NotStarted}
{"logTime": "0618/060437", "correlationVector":"VJW+YtUqC981xcOsu7HYi6","action":"Commit Request", "result":"", "context":Item count: 1
Contributing types: Sessions}
{"logTime": "0618/060437", "correlationVector":"VJW+YtUqC981xcOsu7HYi6.1","action":"SyncServerConnectionManagerRequest", "result":"SYNC_SERVER_OK", "context":{"environment":"Prod_southeastasia_prod-s01-064-apac-southeastasia", "migrationStage":"NotStarted", "server":"akswtt00800002c"}}
{"logTime": "0618/060437", "correlationVector":"VJW+YtUqC981xcOsu7HYi6.2","action":"Commit Response", "result":"Success", "context":Result: Success. cV=VJW+YtUqC981xcOsu7HYi6.0;server=akswtt00800002c;cloudType=Consumer;environment=Prod_southeastasia_prod-s01-064-apac-southeastasia;migrationStage=NotStarted}
{"logTime": "0618/060441", "correlationVector":"dGqVmRXsFjSuMFtJiYP19D","action":"Normal GetUpdate request", "result":"", "context":cV=dGqVmRXsFjSuMFtJiYP19D
Notified types: History}
{"logTime": "0618/060441", "correlationVector":"dGqVmRXsFjSuMFtJiYP19D.1","action":"SyncServerConnectionManagerRequest", "result":"SYNC_SERVER_OK", "context":{"environment":"Prod_southeastasia_prod-s01-065-apac-southeastasia", "migrationStage":"NotStarted", "server":"akswtt00800002i"}}
{"logTime": "0618/060441", "correlationVector":"dGqVmRXsFjSuMFtJiYP19D.2","action":"ProcessGetUpdates", "result":"Done", "context":{"dataType":"Sessions", "deleted":"0", "process_failed_to_decrypt":"0", "process_pending_decryption":"0", "process_success":"4", "total":"4"}}
{"logTime": "0618/060441", "correlationVector":"dGqVmRXsFjSuMFtJiYP19D.3","action":"ProcessGetUpdates", "result":"Done", "context":{"dataType":"History", "deleted":"0", "process_failed_to_decrypt":"0", "process_pending_decryption":"0", "process_success":"4", "total":"4"}}
{"logTime": "0618/060441", "correlationVector":"dGqVmRXsFjSuMFtJiYP19D.4","action":"GetUpdates Response", "result":"Success", "context":Received 8 update(s). cV=dGqVmRXsFjSuMFtJiYP19D.0;server=akswtt00800002i;cloudType=Consumer;environment=Prod_southeastasia_prod-s01-065-apac-southeastasia;migrationStage=NotStarted}
{"logTime": "0618/060737", "correlationVector":"LQ3R1kp0BFa6F718NG7pHP","action":"Normal GetUpdate request", "result":"", "context":cV=LQ3R1kp0BFa6F718NG7pHP
Notified types: History}
{"logTime": "0618/060737", "correlationVector":"LQ3R1kp0BFa6F718NG7pHP.1","action":"SyncServerConnectionManagerRequest", "result":"SYNC_SERVER_OK", "context":{"environment":"Prod_southeastasia_prod-s01-064-apac-southeastasia", "migrationStage":"NotStarted", "server":"akswtt00800002v"}}
{"logTime": "0618/060737", "correlationVector":"LQ3R1kp0BFa6F718NG7pHP.2","action":"ProcessGetUpdates", "result":"Done", "context":{"dataType":"Sessions", "deleted":"0", "process_failed_to_decrypt":"0", "process_pending_decryption":"0", "process_success":"3", "total":"3"}}
{"logTime": "0618/060737", "correlationVector":"LQ3R1kp0BFa6F718NG7pHP.3","action":"ProcessGetUpdates", "result":"Done", "context":{"dataType":"History", "deleted":"0", "process_failed_to_decrypt":"0", "process_pending_decryption":"0", "process_success":"6", "total":"6"}}
{"logTime": "0618/060737", "correlationVector":"LQ3R1kp0BFa6F718NG7pHP.4","action":"GetUpdates Response", "result":"Success", "context":Received 9 update(s). cV=LQ3R1kp0BFa6F718NG7pHP.0;server=akswtt00800002v;cloudType=Consumer;environment=Prod_southeastasia_prod-s01-064-apac-southeastasia;migrationStage=NotStarted}
{"logTime": "0618/061219", "correlationVector":"ojGVmwU1YUeusyUM0iqdG5","action":"Normal GetUpdate request", "result":"", "context":cV=ojGVmwU1YUeusyUM0iqdG5
Notified types: History}
{"logTime": "0618/061219", "correlationVector":"ojGVmwU1YUeusyUM0iqdG5.1","action":"SyncServerConnectionManagerRequest", "result":"SYNC_SERVER_OK", "context":{"environment":"Prod_southeastasia_prod-s01-065-apac-southeastasia", "migrationStage":"NotStarted", "server":"akswtt008000022"}}
{"logTime": "0618/061219", "correlationVector":"ojGVmwU1YUeusyUM0iqdG5.2","action":"ProcessGetUpdates", "result":"Done", "context":{"dataType":"Sessions", "deleted":"0", "process_failed_to_decrypt":"0", "process_pending_decryption":"0", "process_success":"3", "total":"3"}}
{"logTime": "0618/061219", "correlationVector":"ojGVmwU1YUeusyUM0iqdG5.3","action":"ProcessGetUpdates", "result":"Done", "context":{"dataType":"History", "deleted":"0", "process_failed_to_decrypt":"0", "process_pending_decryption":"0", "process_success":"2", "total":"2"}}
{"logTime": "0618/061219", "correlationVector":"ojGVmwU1YUeusyUM0iqdG5.4","action":"GetUpdates Response", "result":"Success", "context":Received 5 update(s). cV=ojGVmwU1YUeusyUM0iqdG5.0;server=akswtt008000022;cloudType=Consumer;environment=Prod_southeastasia_prod-s01-065-apac-southeastasia;migrationStage=NotStarted}
{"logTime": "0618/061341", "correlationVector":"lPgvqT8cmIBCtXuhwukwa/","action":"Normal GetUpdate request", "result":"", "context":cV=lPgvqT8cmIBCtXuhwukwa/
Notified types: History}
{"logTime": "0618/061341", "correlationVector":"lPgvqT8cmIBCtXuhwukwa/.1","action":"SyncServerConnectionManagerRequest", "result":"SYNC_SERVER_OK", "context":{"environment":"Prod_southeastasia_prod-s01-065-apac-southeastasia", "migrationStage":"NotStarted", "server":"akswtt00800004y"}}
{"logTime": "0618/061341", "correlationVector":"lPgvqT8cmIBCtXuhwukwa/.2","action":"ProcessGetUpdates", "result":"Done", "context":{"dataType":"Sessions", "deleted":"0", "process_failed_to_decrypt":"0", "process_pending_decryption":"0", "process_success":"2", "total":"2"}}
{"logTime": "0618/061341", "correlationVector":"lPgvqT8cmIBCtXuhwukwa/.3","action":"ProcessGetUpdates", "result":"Done", "context":{"dataType":"History", "deleted":"0", "process_failed_to_decrypt":"0", "process_pending_decryption":"0", "process_success":"12", "total":"12"}}
{"logTime": "0618/061341", "correlationVector":"lPgvqT8cmIBCtXuhwukwa/.4","action":"GetUpdates Response", "result":"Success", "context":Received 14 update(s). cV=lPgvqT8cmIBCtXuhwukwa/.0;server=akswtt00800004y;cloudType=Consumer;environment=Prod_southeastasia_prod-s01-065-apac-southeastasia;migrationStage=NotStarted}
