2025-06-17 06:16:14.787: [INFO][Sync] Reset engine, reason: 8
2025-06-17 06:16:14.787: [INFO][Sync] Stopped: Bookmarks
2025-06-17 06:16:14.787: [INFO][Sync] Stopped: Preferences
2025-06-17 06:16:14.787: [INFO][Sync] Stopped: Passwords
2025-06-17 06:16:14.787: [INFO][Sync] Stopped: Autofill Profiles
2025-06-17 06:16:14.787: [INFO][Sync] Stopped: Autofill
2025-06-17 06:16:14.787: [INFO][Sync] Stopped: Extensions
2025-06-17 06:16:14.787: [INFO][Sync] Stopped: Sessions
2025-06-17 06:16:14.787: [INFO][Sync] Stopped: Extension settings
2025-06-17 06:16:14.787: [INFO][Sync] Stopped: History Delete Directives
2025-06-17 06:16:14.787: [INFO][Sync] Stopped: Device Info
2025-06-17 06:16:14.787: [INFO][Sync] Stopped: User Consents
2025-06-17 06:16:14.787: [INFO][Sync] Stopped: Send Tab To Self
2025-06-17 06:16:14.787: [INFO][Sync] Stopped: Web Apps
2025-06-17 06:16:14.787: [INFO][Sync] Stopped: History
2025-06-17 06:16:14.787: [INFO][Sync] Stopped: Saved Tab Group
2025-06-17 06:16:14.787: [INFO][Sync] Stopped: WebAuthn Credentials
2025-06-17 06:16:14.787: [INFO][Sync] Stopped: Collection
2025-06-17 06:16:14.787: [INFO][Sync] Stopped: Edge E Drop
2025-06-17 06:16:14.787: [INFO][Sync] Stopped: Edge Hub App Usage
2025-06-17 06:16:14.787: [INFO][Sync] Stopped: Edge Wallet
2025-06-17 06:16:14.788: [INFO][Sync] SyncState after authenticated was: NotSignedIn
2025-06-17 06:16:14.947: [INFO][Sync] Reset engine, reason: 8
2025-06-17 06:16:14.947: [INFO][Sync] Stopped: Bookmarks
2025-06-17 06:16:14.947: [INFO][Sync] Stopped: Preferences
2025-06-17 06:16:14.947: [INFO][Sync] Stopped: Passwords
2025-06-17 06:16:14.947: [INFO][Sync] Stopped: Autofill Profiles
2025-06-17 06:16:14.947: [INFO][Sync] Stopped: Autofill
2025-06-17 06:16:14.947: [INFO][Sync] Stopped: Extensions
2025-06-17 06:16:14.947: [INFO][Sync] Stopped: Sessions
2025-06-17 06:16:14.947: [INFO][Sync] Stopped: Extension settings
2025-06-17 06:16:14.947: [INFO][Sync] Stopped: History Delete Directives
2025-06-17 06:16:14.947: [INFO][Sync] Stopped: Device Info
2025-06-17 06:16:14.947: [INFO][Sync] Stopped: User Consents
2025-06-17 06:16:14.947: [INFO][Sync] Stopped: Send Tab To Self
2025-06-17 06:16:14.947: [INFO][Sync] Stopped: Web Apps
2025-06-17 06:16:14.947: [INFO][Sync] Stopped: History
2025-06-17 06:16:14.947: [INFO][Sync] Stopped: Saved Tab Group
2025-06-17 06:16:14.947: [INFO][Sync] Stopped: WebAuthn Credentials
2025-06-17 06:16:14.947: [INFO][Sync] Stopped: Collection
2025-06-17 06:16:14.947: [INFO][Sync] Stopped: Edge E Drop
2025-06-17 06:16:14.947: [INFO][Sync] Stopped: Edge Hub App Usage
2025-06-17 06:16:14.947: [INFO][Sync] Stopped: Edge Wallet
2025-06-17 06:16:15.156: [INFO][Sync] Try to start sync engine
2025-06-17 06:16:15.157: [INFO][SyncManagerImpl::NudgeForInitialDownload] Initial download nudge for Encryption Keys
2025-06-17 06:16:15.157: [INFO][SyncEngineBackend::LoadAndConnectNigoriController] Load and connect Nigori controller
2025-06-17 06:16:15.157: [INFO][SyncEngineBackend::DoInitialize] Control Types added: Encryption Keys
2025-06-17 06:16:15.157: [INFO][SyncManagerImpl::ConfigureSyncer] Types to download: Encryption Keys with reason: 3
2025-06-17 06:16:15.157: [INFO][SyncSchedulerImpl::DoConfigurationSyncCycleJob] Configure job was blocked
2025-06-17 06:16:15.371: [INFO][SyncAuthManager::SetLastAuthError] Current auth error: None
2025-06-17 06:16:15.371: [INFO][SyncAuthManager::EdgeLogTokenErrorState] Token error with: None for account type: MSA
2025-06-17 06:16:15.371: [INFO][Sync] Credentials changed for: EdgeSyncScopeNew
2025-06-17 06:16:17.456: [INFO][SyncAuthManager::SetLastAuthError] Current auth error: None
2025-06-17 06:16:17.456: [INFO][SyncAuthManager::EdgeLogTokenErrorState] Token error with: None for account type: MSA
2025-06-17 06:16:17.456: [INFO][Sync] Credentials changed for: EdgeSyncKeyDataScope
2025-06-17 06:16:17.456: [INFO][SyncEngineBackend::DoUpdateKeyDataCredentials] Update key data credentials
2025-06-17 06:16:17.456: [INFO][SyncEngineBackend::DoUpdateCredentials] Update credentials
2025-06-17 06:16:17.457: [INFO][SyncSchedulerImpl::DoConfigurationSyncCycleJob] Blocked types:  and types to download: Encryption Keys
2025-06-17 06:16:18.135: [INFO][Sync] Started DataTypeManager configuration, reason: 4
2025-06-17 06:16:18.135: [INFO][Sync] Configuring for: Bookmarks, Preferences, Passwords, Autofill Profiles, Autofill, Extensions, Sessions, Extension settings, History Delete Directives, Device Info, User Consents, Send Tab To Self, Web Apps, History, Saved Tab Group, WebAuthn Credentials, Collection, Edge E Drop, Edge Hub App Usage, Edge Wallet, Encryption Keys, reason: 3, current state: 0
2025-06-17 06:16:18.135: [WARN][Sync] Crypto error data types: Passwords, Autofill Profiles, Autofill
2025-06-17 06:16:18.136: [INFO][Sync] Configure, desired: Bookmarks, Preferences, Extensions, Sessions, Extension settings, History Delete Directives, Device Info, User Consents, Send Tab To Self, Web Apps, History, Saved Tab Group, WebAuthn Credentials, Collection, Edge E Drop, Edge Hub App Usage, Edge Wallet, Encryption Keys; Allow fail: Passwords, Autofill Profiles, Autofill
2025-06-17 06:16:18.136: [INFO][Sync] Loading: Bookmarks
2025-06-17 06:16:18.136: [INFO][Sync] Loading: Preferences
2025-06-17 06:16:18.136: [INFO][Sync] Loading: Extensions
2025-06-17 06:16:18.136: [INFO][Sync] Loading: Sessions
2025-06-17 06:16:18.136: [INFO][Sync] Loading: Extension settings
2025-06-17 06:16:18.136: [INFO][Sync] Loading: History Delete Directives
2025-06-17 06:16:18.136: [INFO][Sync] Loading: Device Info
2025-06-17 06:16:18.136: [INFO][Sync] Loading: User Consents
2025-06-17 06:16:18.136: [INFO][Sync] Loading: Send Tab To Self
2025-06-17 06:16:18.136: [INFO][Sync] Loading: Web Apps
2025-06-17 06:16:18.136: [INFO][Sync] Loading: History
2025-06-17 06:16:18.136: [INFO][Sync] Loading: Saved Tab Group
2025-06-17 06:16:18.136: [INFO][Sync] Loading: WebAuthn Credentials
2025-06-17 06:16:18.136: [INFO][Sync] Loading: Collection
2025-06-17 06:16:18.136: [INFO][Sync] Loading: Edge E Drop
2025-06-17 06:16:18.136: [INFO][Sync] Loading: Edge Hub App Usage
2025-06-17 06:16:18.136: [INFO][Sync] Loading: Edge Wallet
2025-06-17 06:16:18.138: [INFO][Sync] All data types are ready for configure.
2025-06-17 06:16:18.512: [INFO][Sync] Started DataTypeManager configuration, reason: 5
2025-06-17 06:16:18.512: [INFO][Sync] Configuring for: Bookmarks, Preferences, Passwords, Autofill Profiles, Autofill, Extensions, Sessions, Extension settings, History Delete Directives, Device Info, User Consents, Send Tab To Self, Web Apps, History, Saved Tab Group, WebAuthn Credentials, Collection, Edge E Drop, Edge Hub App Usage, Edge Wallet, Encryption Keys, reason: 5, current state: 1
2025-06-17 06:16:18.516: [INFO][SyncEngineBackend::DoStartConfiguration] Start configuration
2025-06-17 06:16:18.516: [INFO][SyncManagerImpl::NudgeForInitialDownload] Initial download nudge for Bookmarks
2025-06-17 06:16:18.516: [INFO][SyncManagerImpl::NudgeForInitialDownload] Initial download nudge for Preferences
2025-06-17 06:16:18.516: [INFO][SyncManagerImpl::NudgeForInitialDownload] Initial download nudge for Extensions
2025-06-17 06:16:18.516: [INFO][SyncManagerImpl::NudgeForInitialDownload] Initial download nudge for Sessions
2025-06-17 06:16:18.516: [INFO][SyncManagerImpl::NudgeForInitialDownload] Initial download nudge for Extension settings
2025-06-17 06:16:18.516: [INFO][SyncManagerImpl::NudgeForInitialDownload] Initial download nudge for History Delete Directives
2025-06-17 06:16:18.516: [INFO][SyncManagerImpl::NudgeForInitialDownload] Initial download nudge for Device Info
2025-06-17 06:16:18.516: [INFO][SyncManagerImpl::NudgeForInitialDownload] Initial download nudge for Send Tab To Self
2025-06-17 06:16:18.516: [INFO][SyncManagerImpl::NudgeForInitialDownload] Initial download nudge for Web Apps
2025-06-17 06:16:18.516: [INFO][SyncManagerImpl::NudgeForInitialDownload] Initial download nudge for History
2025-06-17 06:16:18.516: [INFO][SyncManagerImpl::NudgeForInitialDownload] Initial download nudge for Saved Tab Group
2025-06-17 06:16:18.516: [INFO][SyncManagerImpl::NudgeForInitialDownload] Initial download nudge for WebAuthn Credentials
2025-06-17 06:16:18.516: [INFO][SyncManagerImpl::NudgeForInitialDownload] Initial download nudge for Collection
2025-06-17 06:16:18.516: [INFO][SyncManagerImpl::NudgeForInitialDownload] Initial download nudge for Edge E Drop
2025-06-17 06:16:18.516: [INFO][SyncManagerImpl::NudgeForInitialDownload] Initial download nudge for Edge Hub App Usage
2025-06-17 06:16:18.516: [INFO][SyncManagerImpl::NudgeForInitialDownload] Initial download nudge for Edge Wallet
2025-06-17 06:16:18.516: [INFO][SyncManagerImpl::ConfigureSyncer] Types to download:  with reason: 3
2025-06-17 06:16:18.516: [INFO][SyncEngineBackend::DoFinishConfigureDataTypes] Failed to download types:  and succeeded types: 
2025-06-17 06:16:18.516: [INFO][Sync] ConfigurationDone, failed: , succeeded: , remaining count: 4
2025-06-17 06:16:18.516: [WARN][Sync]     Reconfigure requested while configuration ongoing.
2025-06-17 06:16:18.516: [INFO][Sync] Configuring for: Bookmarks, Preferences, Passwords, Autofill Profiles, Autofill, Extensions, Sessions, Extension settings, History Delete Directives, Device Info, User Consents, Send Tab To Self, Web Apps, History, Saved Tab Group, WebAuthn Credentials, Collection, Edge E Drop, Edge Hub App Usage, Edge Wallet, Encryption Keys, reason: 5, current state: 2
2025-06-17 06:16:18.516: [INFO][Sync] Configure, desired: Bookmarks, Preferences, Passwords, Autofill Profiles, Autofill, Extensions, Sessions, Extension settings, History Delete Directives, Device Info, User Consents, Send Tab To Self, Web Apps, History, Saved Tab Group, WebAuthn Credentials, Collection, Edge E Drop, Edge Hub App Usage, Edge Wallet, Encryption Keys; Allow fail: 
2025-06-17 06:16:18.517: [INFO][Sync] Loading: Passwords
2025-06-17 06:16:18.517: [INFO][Sync] Loading: Autofill Profiles
2025-06-17 06:16:18.517: [INFO][Sync] Loading: Autofill
2025-06-17 06:16:18.517: [INFO][Sync] All data types are ready for configure.
2025-06-17 06:16:18.517: [INFO][SyncManagerImpl::NudgeForInitialDownload] Initial download nudge for Passwords
2025-06-17 06:16:18.517: [INFO][SyncManagerImpl::NudgeForInitialDownload] Initial download nudge for Autofill Profiles
2025-06-17 06:16:18.517: [INFO][SyncManagerImpl::NudgeForInitialDownload] Initial download nudge for Autofill
2025-06-17 06:16:18.517: [INFO][SyncManagerImpl::ConfigureSyncer] Types to download:  with reason: 5
2025-06-17 06:16:18.517: [INFO][SyncEngineBackend::DoFinishConfigureDataTypes] Failed to download types:  and succeeded types: 
2025-06-17 06:16:18.517: [INFO][Sync] ConfigurationDone, failed: , succeeded: , remaining count: 4
2025-06-17 06:16:18.517: [INFO][Sync] Prepare to configure types: Preferences, Passwords, Device Info, Send Tab To Self, Edge E Drop, Encryption Keys
2025-06-17 06:16:18.517: [INFO][SyncManagerImpl::ConfigureSyncer] Types to download: Preferences, Passwords, Device Info, Send Tab To Self, Edge E Drop, Encryption Keys with reason: 5
2025-06-17 06:16:18.517: [INFO][SyncSchedulerImpl::DoConfigurationSyncCycleJob] Blocked types:  and types to download: Preferences, Passwords, Device Info, Send Tab To Self, Edge E Drop, Encryption Keys
2025-06-17 06:16:21.250: [INFO][SyncEngineBackend::DoFinishConfigureDataTypes] Failed to download types:  and succeeded types: Preferences, Passwords, Device Info, Send Tab To Self, Edge E Drop, Encryption Keys
2025-06-17 06:16:21.251: [INFO][Sync] ConfigurationDone, failed: , succeeded: Preferences, Passwords, Device Info, Send Tab To Self, Edge E Drop, Encryption Keys, remaining count: 3
2025-06-17 06:16:21.252: [INFO][Sync] Prepare to configure types: Bookmarks, Encryption Keys
2025-06-17 06:16:21.252: [INFO][SyncManagerImpl::ConfigureSyncer] Types to download: Bookmarks, Encryption Keys with reason: 5
2025-06-17 06:16:21.252: [INFO][SyncSchedulerImpl::DoConfigurationSyncCycleJob] Blocked types:  and types to download: Bookmarks, Encryption Keys
2025-06-17 06:16:21.851: [INFO][SyncEngineBackend::DoFinishConfigureDataTypes] Failed to download types:  and succeeded types: Bookmarks, Encryption Keys
2025-06-17 06:16:21.908: [INFO][Sync] ConfigurationDone, failed: , succeeded: Bookmarks, Encryption Keys, remaining count: 2
2025-06-17 06:16:21.908: [INFO][Sync] Prepare to configure types: Autofill Profiles, Autofill, Extensions, Sessions, Extension settings, History Delete Directives, Web Apps, Saved Tab Group, WebAuthn Credentials, Collection, Edge Hub App Usage, Edge Wallet, Encryption Keys
2025-06-17 06:16:21.908: [INFO][SyncManagerImpl::ConfigureSyncer] Types to download: Autofill Profiles, Autofill, Extensions, Sessions, Extension settings, History Delete Directives, Web Apps, Saved Tab Group, WebAuthn Credentials, Collection, Edge Hub App Usage, Edge Wallet, Encryption Keys with reason: 5
2025-06-17 06:16:21.908: [INFO][SyncSchedulerImpl::DoConfigurationSyncCycleJob] Blocked types:  and types to download: Autofill Profiles, Autofill, Extensions, Sessions, Extension settings, History Delete Directives, Web Apps, Saved Tab Group, WebAuthn Credentials, Collection, Edge Hub App Usage, Edge Wallet, Encryption Keys
2025-06-17 06:16:24.906: [INFO][SyncEngineBackend::DoFinishConfigureDataTypes] Failed to download types:  and succeeded types: Autofill Profiles, Autofill, Extensions, Sessions, Extension settings, History Delete Directives, Web Apps, Saved Tab Group, WebAuthn Credentials, Collection, Edge Hub App Usage, Edge Wallet, Encryption Keys
2025-06-17 06:16:24.907: [INFO][Sync] ConfigurationDone, failed: , succeeded: Autofill Profiles, Autofill, Extensions, Sessions, Extension settings, History Delete Directives, Web Apps, Saved Tab Group, WebAuthn Credentials, Collection, Edge Hub App Usage, Edge Wallet, Encryption Keys, remaining count: 1
2025-06-17 06:16:24.908: [INFO][Sync] Prepare to configure types: History, Encryption Keys
2025-06-17 06:16:24.908: [INFO][SyncManagerImpl::ConfigureSyncer] Types to download: History, Encryption Keys with reason: 5
2025-06-17 06:16:24.908: [INFO][SyncSchedulerImpl::DoConfigurationSyncCycleJob] Blocked types:  and types to download: History, Encryption Keys
2025-06-17 06:16:25.188: [INFO][SyncEngineBackend::DoFinishConfigureDataTypes] Failed to download types:  and succeeded types: History, Encryption Keys
2025-06-17 06:16:25.191: [INFO][Sync] ConfigurationDone, failed: , succeeded: History, Encryption Keys, remaining count: 0
2025-06-17 06:16:25.194: [INFO][Sync]     Configuration completed, state: 7
2025-06-17 06:16:25.194: [INFO][Sync] Configured DataTypeManager: Ok
2025-06-17 06:16:25.197: [INFO][SyncEngineBackend::DoStartSyncing] Start syncing
2025-06-17 06:26:16.109: [INFO][Sync] SyncState after authenticated was: FeatureCanStart
2025-06-17 06:26:16.437: [INFO][Sync] Try to start sync engine
2025-06-17 06:26:16.438: [INFO][SyncManagerImpl::NudgeForInitialDownload] Initial download nudge for Encryption Keys
2025-06-17 06:26:16.438: [INFO][SyncEngineBackend::LoadAndConnectNigoriController] Load and connect Nigori controller
2025-06-17 06:26:16.438: [INFO][SyncEngineBackend::DoInitialize] Control Types added: Encryption Keys
2025-06-17 06:26:16.438: [INFO][SyncManagerImpl::ConfigureSyncer] Types to download: Encryption Keys with reason: 3
2025-06-17 06:26:16.438: [INFO][SyncSchedulerImpl::DoConfigurationSyncCycleJob] Configure job was blocked
2025-06-17 06:26:16.482: [INFO][SyncAuthManager::SetLastAuthError] Current auth error: None
2025-06-17 06:26:16.482: [INFO][SyncAuthManager::EdgeLogTokenErrorState] Token error with: None for account type: MSA
2025-06-17 06:26:16.482: [INFO][Sync] Credentials changed for: EdgeSyncScopeNew
2025-06-17 06:26:17.430: [INFO][SyncAuthManager::SetLastAuthError] Current auth error: None
2025-06-17 06:26:17.430: [INFO][SyncAuthManager::EdgeLogTokenErrorState] Token error with: None for account type: MSA
2025-06-17 06:26:17.430: [INFO][Sync] Credentials changed for: EdgeSyncKeyDataScope
2025-06-17 06:26:17.430: [INFO][SyncEngineBackend::DoUpdateKeyDataCredentials] Update key data credentials
2025-06-17 06:26:17.430: [INFO][SyncEngineBackend::DoUpdateCredentials] Update credentials
2025-06-17 06:26:17.430: [INFO][SyncSchedulerImpl::DoConfigurationSyncCycleJob] Blocked types:  and types to download: Encryption Keys
2025-06-17 06:26:18.312: [INFO][Sync] Started DataTypeManager configuration, reason: 4
2025-06-17 06:26:18.312: [INFO][Sync] Configuring for: Bookmarks, Preferences, Passwords, Autofill Profiles, Autofill, Extensions, Sessions, Extension settings, History Delete Directives, Device Info, User Consents, Send Tab To Self, Web Apps, History, Saved Tab Group, WebAuthn Credentials, Collection, Edge E Drop, Edge Hub App Usage, Edge Wallet, Encryption Keys, reason: 4, current state: 0
2025-06-17 06:26:18.312: [WARN][Sync] Crypto error data types: Passwords, Autofill Profiles, Autofill
2025-06-17 06:26:18.315: [INFO][Sync] Configure, desired: Bookmarks, Preferences, Extensions, Sessions, Extension settings, History Delete Directives, Device Info, User Consents, Send Tab To Self, Web Apps, History, Saved Tab Group, WebAuthn Credentials, Collection, Edge E Drop, Edge Hub App Usage, Edge Wallet, Encryption Keys; Allow fail: Passwords, Autofill Profiles, Autofill
2025-06-17 06:26:18.315: [INFO][Sync] Loading: Bookmarks
2025-06-17 06:26:18.315: [INFO][Sync] Loading: Preferences
2025-06-17 06:26:18.315: [INFO][Sync] Loading: Extensions
2025-06-17 06:26:18.315: [INFO][Sync] Loading: Sessions
2025-06-17 06:26:18.315: [INFO][Sync] Loading: Extension settings
2025-06-17 06:26:18.315: [INFO][Sync] Loading: History Delete Directives
2025-06-17 06:26:18.315: [INFO][Sync] Loading: Device Info
2025-06-17 06:26:18.315: [INFO][Sync] Loading: User Consents
2025-06-17 06:26:18.315: [INFO][Sync] Loading: Send Tab To Self
2025-06-17 06:26:18.315: [INFO][Sync] Loading: Web Apps
2025-06-17 06:26:18.315: [INFO][Sync] Loading: History
2025-06-17 06:26:18.315: [INFO][Sync] Loading: Saved Tab Group
2025-06-17 06:26:18.315: [INFO][Sync] Loading: WebAuthn Credentials
2025-06-17 06:26:18.315: [INFO][Sync] Loading: Collection
2025-06-17 06:26:18.315: [INFO][Sync] Loading: Edge E Drop
2025-06-17 06:26:18.315: [INFO][Sync] Loading: Edge Hub App Usage
2025-06-17 06:26:18.315: [INFO][Sync] Loading: Edge Wallet
2025-06-17 06:26:18.323: [INFO][Sync] All data types are ready for configure.
2025-06-17 06:26:18.844: [INFO][Sync] Started DataTypeManager configuration, reason: 5
2025-06-17 06:26:18.844: [INFO][Sync] Configuring for: Bookmarks, Preferences, Passwords, Autofill Profiles, Autofill, Extensions, Sessions, Extension settings, History Delete Directives, Device Info, User Consents, Send Tab To Self, Web Apps, History, Saved Tab Group, WebAuthn Credentials, Collection, Edge E Drop, Edge Hub App Usage, Edge Wallet, Encryption Keys, reason: 5, current state: 1
2025-06-17 06:26:18.847: [INFO][SyncEngineBackend::DoStartConfiguration] Start configuration
2025-06-17 06:26:18.848: [INFO][SyncManagerImpl::ConfigureSyncer] Types to download:  with reason: 4
2025-06-17 06:26:18.848: [INFO][SyncEngineBackend::DoFinishConfigureDataTypes] Failed to download types:  and succeeded types: 
2025-06-17 06:26:18.849: [INFO][Sync] ConfigurationDone, failed: , succeeded: , remaining count: 4
2025-06-17 06:26:18.849: [WARN][Sync]     Reconfigure requested while configuration ongoing.
2025-06-17 06:26:18.849: [INFO][Sync] Configuring for: Bookmarks, Preferences, Passwords, Autofill Profiles, Autofill, Extensions, Sessions, Extension settings, History Delete Directives, Device Info, User Consents, Send Tab To Self, Web Apps, History, Saved Tab Group, WebAuthn Credentials, Collection, Edge E Drop, Edge Hub App Usage, Edge Wallet, Encryption Keys, reason: 5, current state: 2
2025-06-17 06:26:18.849: [INFO][Sync] Configure, desired: Bookmarks, Preferences, Passwords, Autofill Profiles, Autofill, Extensions, Sessions, Extension settings, History Delete Directives, Device Info, User Consents, Send Tab To Self, Web Apps, History, Saved Tab Group, WebAuthn Credentials, Collection, Edge E Drop, Edge Hub App Usage, Edge Wallet, Encryption Keys; Allow fail: 
2025-06-17 06:26:18.849: [INFO][Sync] Loading: Passwords
2025-06-17 06:26:18.849: [INFO][Sync] Loading: Autofill Profiles
2025-06-17 06:26:18.849: [INFO][Sync] Loading: Autofill
2025-06-17 06:26:18.851: [INFO][Sync] All data types are ready for configure.
2025-06-17 06:26:18.852: [INFO][SyncManagerImpl::NudgeForInitialDownload] Initial download nudge for Passwords
2025-06-17 06:26:18.852: [INFO][SyncManagerImpl::ConfigureSyncer] Types to download:  with reason: 5
2025-06-17 06:26:18.852: [INFO][SyncEngineBackend::DoFinishConfigureDataTypes] Failed to download types:  and succeeded types: 
2025-06-17 06:26:18.852: [INFO][Sync] ConfigurationDone, failed: , succeeded: , remaining count: 4
2025-06-17 06:26:18.852: [INFO][Sync] Prepare to configure types: Passwords, Encryption Keys
2025-06-17 06:26:18.852: [INFO][SyncManagerImpl::ConfigureSyncer] Types to download: Passwords, Encryption Keys with reason: 5
2025-06-17 06:26:18.852: [INFO][SyncSchedulerImpl::DoConfigurationSyncCycleJob] Blocked types:  and types to download: Passwords, Encryption Keys
2025-06-17 06:26:19.279: [INFO][SyncEngineBackend::DoFinishConfigureDataTypes] Failed to download types:  and succeeded types: Passwords, Encryption Keys
2025-06-17 06:26:19.281: [INFO][Sync] ConfigurationDone, failed: , succeeded: Passwords, Encryption Keys, remaining count: 3
2025-06-17 06:26:19.281: [INFO][SyncManagerImpl::ConfigureSyncer] Types to download:  with reason: 5
2025-06-17 06:26:19.281: [INFO][SyncEngineBackend::DoFinishConfigureDataTypes] Failed to download types:  and succeeded types: 
2025-06-17 06:26:19.281: [INFO][Sync] ConfigurationDone, failed: , succeeded: , remaining count: 2
2025-06-17 06:26:19.281: [INFO][SyncManagerImpl::ConfigureSyncer] Types to download:  with reason: 5
2025-06-17 06:26:19.281: [INFO][SyncEngineBackend::DoFinishConfigureDataTypes] Failed to download types:  and succeeded types: 
2025-06-17 06:26:19.283: [INFO][Sync] ConfigurationDone, failed: , succeeded: , remaining count: 1
2025-06-17 06:26:19.286: [INFO][SyncManagerImpl::ConfigureSyncer] Types to download:  with reason: 5
2025-06-17 06:26:19.286: [INFO][SyncEngineBackend::DoFinishConfigureDataTypes] Failed to download types:  and succeeded types: 
2025-06-17 06:26:19.286: [INFO][Sync] ConfigurationDone, failed: , succeeded: , remaining count: 0
2025-06-17 06:26:19.288: [INFO][Sync]     Configuration completed, state: 7
2025-06-17 06:26:19.289: [INFO][Sync] Configured DataTypeManager: Ok
2025-06-17 06:26:19.292: [INFO][SyncEngineBackend::DoStartSyncing] Start syncing
2025-06-17 07:04:10.890: [INFO][Sync] SyncState after authenticated was: FeatureCanStart
2025-06-17 07:04:11.284: [INFO][Sync] Try to start sync engine
2025-06-17 07:04:11.286: [INFO][SyncManagerImpl::NudgeForInitialDownload] Initial download nudge for Encryption Keys
2025-06-17 07:04:11.286: [INFO][SyncEngineBackend::LoadAndConnectNigoriController] Load and connect Nigori controller
2025-06-17 07:04:11.286: [INFO][SyncEngineBackend::DoInitialize] Control Types added: Encryption Keys
2025-06-17 07:04:11.286: [INFO][SyncManagerImpl::ConfigureSyncer] Types to download: Encryption Keys with reason: 3
2025-06-17 07:04:11.286: [INFO][SyncSchedulerImpl::DoConfigurationSyncCycleJob] Configure job was blocked
2025-06-17 07:04:11.329: [INFO][SyncAuthManager::SetLastAuthError] Current auth error: None
2025-06-17 07:04:11.329: [INFO][SyncAuthManager::EdgeLogTokenErrorState] Token error with: None for account type: MSA
2025-06-17 07:04:11.329: [INFO][Sync] Credentials changed for: EdgeSyncScopeNew
2025-06-17 07:04:12.215: [INFO][SyncAuthManager::SetLastAuthError] Current auth error: None
2025-06-17 07:04:12.215: [INFO][SyncAuthManager::EdgeLogTokenErrorState] Token error with: None for account type: MSA
2025-06-17 07:04:12.215: [INFO][Sync] Credentials changed for: EdgeSyncKeyDataScope
2025-06-17 07:04:12.215: [INFO][SyncEngineBackend::DoUpdateKeyDataCredentials] Update key data credentials
2025-06-17 07:04:12.215: [INFO][SyncEngineBackend::DoUpdateCredentials] Update credentials
2025-06-17 07:04:12.215: [INFO][SyncSchedulerImpl::DoConfigurationSyncCycleJob] Blocked types:  and types to download: Encryption Keys
2025-06-17 07:04:12.861: [INFO][Sync] Started DataTypeManager configuration, reason: 4
2025-06-17 07:04:12.861: [INFO][Sync] Configuring for: Bookmarks, Preferences, Passwords, Autofill Profiles, Autofill, Extensions, Sessions, Extension settings, History Delete Directives, Device Info, User Consents, Send Tab To Self, Web Apps, History, Saved Tab Group, WebAuthn Credentials, Collection, Edge E Drop, Edge Hub App Usage, Edge Wallet, Encryption Keys, reason: 4, current state: 0
2025-06-17 07:04:12.861: [WARN][Sync] Crypto error data types: Passwords, Autofill Profiles, Autofill
2025-06-17 07:04:12.865: [INFO][Sync] Configure, desired: Bookmarks, Preferences, Extensions, Sessions, Extension settings, History Delete Directives, Device Info, User Consents, Send Tab To Self, Web Apps, History, Saved Tab Group, WebAuthn Credentials, Collection, Edge E Drop, Edge Hub App Usage, Edge Wallet, Encryption Keys; Allow fail: Passwords, Autofill Profiles, Autofill
2025-06-17 07:04:12.865: [INFO][Sync] Loading: Bookmarks
2025-06-17 07:04:12.865: [INFO][Sync] Loading: Preferences
2025-06-17 07:04:12.865: [INFO][Sync] Loading: Extensions
2025-06-17 07:04:12.865: [INFO][Sync] Loading: Sessions
2025-06-17 07:04:12.865: [INFO][Sync] Loading: Extension settings
2025-06-17 07:04:12.865: [INFO][Sync] Loading: History Delete Directives
2025-06-17 07:04:12.865: [INFO][Sync] Loading: Device Info
2025-06-17 07:04:12.865: [INFO][Sync] Loading: User Consents
2025-06-17 07:04:12.865: [INFO][Sync] Loading: Send Tab To Self
2025-06-17 07:04:12.865: [INFO][Sync] Loading: Web Apps
2025-06-17 07:04:12.865: [INFO][Sync] Loading: History
2025-06-17 07:04:12.865: [INFO][Sync] Loading: Saved Tab Group
2025-06-17 07:04:12.865: [INFO][Sync] Loading: WebAuthn Credentials
2025-06-17 07:04:12.865: [INFO][Sync] Loading: Collection
2025-06-17 07:04:12.865: [INFO][Sync] Loading: Edge E Drop
2025-06-17 07:04:12.865: [INFO][Sync] Loading: Edge Hub App Usage
2025-06-17 07:04:12.865: [INFO][Sync] Loading: Edge Wallet
2025-06-17 07:04:12.876: [INFO][Sync] All data types are ready for configure.
2025-06-17 07:04:13.290: [INFO][Sync] Started DataTypeManager configuration, reason: 5
2025-06-17 07:04:13.290: [INFO][Sync] Configuring for: Bookmarks, Preferences, Passwords, Autofill Profiles, Autofill, Extensions, Sessions, Extension settings, History Delete Directives, Device Info, User Consents, Send Tab To Self, Web Apps, History, Saved Tab Group, WebAuthn Credentials, Collection, Edge E Drop, Edge Hub App Usage, Edge Wallet, Encryption Keys, reason: 5, current state: 1
2025-06-17 07:04:13.292: [INFO][SyncEngineBackend::DoStartConfiguration] Start configuration
2025-06-17 07:04:13.292: [INFO][SyncManagerImpl::ConfigureSyncer] Types to download:  with reason: 4
2025-06-17 07:04:13.292: [INFO][SyncEngineBackend::DoFinishConfigureDataTypes] Failed to download types:  and succeeded types: 
2025-06-17 07:04:13.294: [INFO][Sync] ConfigurationDone, failed: , succeeded: , remaining count: 4
2025-06-17 07:04:13.294: [WARN][Sync]     Reconfigure requested while configuration ongoing.
2025-06-17 07:04:13.294: [INFO][Sync] Configuring for: Bookmarks, Preferences, Passwords, Autofill Profiles, Autofill, Extensions, Sessions, Extension settings, History Delete Directives, Device Info, User Consents, Send Tab To Self, Web Apps, History, Saved Tab Group, WebAuthn Credentials, Collection, Edge E Drop, Edge Hub App Usage, Edge Wallet, Encryption Keys, reason: 5, current state: 2
2025-06-17 07:04:13.294: [INFO][Sync] Configure, desired: Bookmarks, Preferences, Passwords, Autofill Profiles, Autofill, Extensions, Sessions, Extension settings, History Delete Directives, Device Info, User Consents, Send Tab To Self, Web Apps, History, Saved Tab Group, WebAuthn Credentials, Collection, Edge E Drop, Edge Hub App Usage, Edge Wallet, Encryption Keys; Allow fail: 
2025-06-17 07:04:13.294: [INFO][Sync] Loading: Passwords
2025-06-17 07:04:13.294: [INFO][Sync] Loading: Autofill Profiles
2025-06-17 07:04:13.294: [INFO][Sync] Loading: Autofill
2025-06-17 07:04:13.295: [INFO][Sync] All data types are ready for configure.
2025-06-17 07:04:13.295: [INFO][SyncManagerImpl::NudgeForInitialDownload] Initial download nudge for Passwords
2025-06-17 07:04:13.295: [INFO][SyncManagerImpl::ConfigureSyncer] Types to download:  with reason: 5
2025-06-17 07:04:13.295: [INFO][SyncEngineBackend::DoFinishConfigureDataTypes] Failed to download types:  and succeeded types: 
2025-06-17 07:04:13.295: [INFO][Sync] ConfigurationDone, failed: , succeeded: , remaining count: 4
2025-06-17 07:04:13.295: [INFO][Sync] Prepare to configure types: Passwords, Encryption Keys
2025-06-17 07:04:13.295: [INFO][SyncManagerImpl::ConfigureSyncer] Types to download: Passwords, Encryption Keys with reason: 5
2025-06-17 07:04:13.295: [INFO][SyncSchedulerImpl::DoConfigurationSyncCycleJob] Blocked types:  and types to download: Passwords, Encryption Keys
2025-06-17 07:04:13.804: [INFO][SyncEngineBackend::DoFinishConfigureDataTypes] Failed to download types:  and succeeded types: Passwords, Encryption Keys
2025-06-17 07:04:13.807: [INFO][Sync] ConfigurationDone, failed: , succeeded: Passwords, Encryption Keys, remaining count: 3
2025-06-17 07:04:13.808: [INFO][SyncManagerImpl::ConfigureSyncer] Types to download:  with reason: 5
2025-06-17 07:04:13.808: [INFO][SyncEngineBackend::DoFinishConfigureDataTypes] Failed to download types:  and succeeded types: 
2025-06-17 07:04:13.808: [INFO][Sync] ConfigurationDone, failed: , succeeded: , remaining count: 2
2025-06-17 07:04:13.808: [INFO][SyncManagerImpl::ConfigureSyncer] Types to download:  with reason: 5
2025-06-17 07:04:13.808: [INFO][SyncEngineBackend::DoFinishConfigureDataTypes] Failed to download types:  and succeeded types: 
2025-06-17 07:04:13.810: [INFO][Sync] ConfigurationDone, failed: , succeeded: , remaining count: 1
2025-06-17 07:04:13.813: [INFO][SyncManagerImpl::ConfigureSyncer] Types to download:  with reason: 5
2025-06-17 07:04:13.813: [INFO][SyncEngineBackend::DoFinishConfigureDataTypes] Failed to download types:  and succeeded types: 
2025-06-17 07:04:13.813: [INFO][Sync] ConfigurationDone, failed: , succeeded: , remaining count: 0
2025-06-17 07:04:13.817: [INFO][Sync]     Configuration completed, state: 7
2025-06-17 07:04:13.817: [INFO][Sync] Configured DataTypeManager: Ok
2025-06-17 07:04:13.821: [INFO][SyncEngineBackend::DoStartSyncing] Start syncing
